Component: ARM Compiler 5.06 update 6 (build 750) Tool: armlink [4d35ed]

==============================================================================

Section Cross References

    startup_stm32f407xx.o(RESET) refers to startup_stm32f407xx.o(STACK) for __initial_sp
    startup_stm32f407xx.o(RESET) refers to startup_stm32f407xx.o(.text) for Reset_Handler
    startup_stm32f407xx.o(RESET) refers to stm32f4xx_it.o(i.NMI_Handler) for NMI_Handler
    startup_stm32f407xx.o(RESET) refers to stm32f4xx_it.o(i.HardFault_Handler) for HardFault_Handler
    startup_stm32f407xx.o(RESET) refers to stm32f4xx_it.o(i.MemManage_Handler) for MemManage_Handler
    startup_stm32f407xx.o(RESET) refers to stm32f4xx_it.o(i.BusFault_Handler) for BusFault_Handler
    startup_stm32f407xx.o(RESET) refers to stm32f4xx_it.o(i.UsageFault_Handler) for UsageFault_Handler
    startup_stm32f407xx.o(RESET) refers to stm32f4xx_it.o(i.SVC_Handler) for SVC_Handler
    startup_stm32f407xx.o(RESET) refers to stm32f4xx_it.o(i.DebugMon_Handler) for DebugMon_Handler
    startup_stm32f407xx.o(RESET) refers to stm32f4xx_it.o(i.PendSV_Handler) for PendSV_Handler
    startup_stm32f407xx.o(RESET) refers to stm32f4xx_it.o(i.SysTick_Handler) for SysTick_Handler
    startup_stm32f407xx.o(RESET) refers to stm32f4xx_it.o(i.ADC_IRQHandler) for ADC_IRQHandler
    startup_stm32f407xx.o(RESET) refers to stm32f4xx_it.o(i.TIM1_UP_TIM10_IRQHandler) for TIM1_UP_TIM10_IRQHandler
    startup_stm32f407xx.o(RESET) refers to stm32f4xx_it.o(i.TIM8_UP_TIM13_IRQHandler) for TIM8_UP_TIM13_IRQHandler
    startup_stm32f407xx.o(RESET) refers to stm32f4xx_it.o(i.DMA2_Stream0_IRQHandler) for DMA2_Stream0_IRQHandler
    startup_stm32f407xx.o(.text) refers to system_stm32f4xx.o(i.SystemInit) for SystemInit
    startup_stm32f407xx.o(.text) refers to entry.o(.ARM.Collect$$$$00000000) for __main
    main.o(i.SystemClock_Config) refers to memseta.o(.text) for __aeabi_memclr4
    main.o(i.SystemClock_Config) refers to stm32f4xx_hal_rcc.o(i.HAL_RCC_OscConfig) for HAL_RCC_OscConfig
    main.o(i.SystemClock_Config) refers to stm32f4xx_hal_rcc.o(i.HAL_RCC_ClockConfig) for HAL_RCC_ClockConfig
    main.o(i.main) refers to stm32f4xx_hal.o(i.HAL_Init) for HAL_Init
    main.o(i.main) refers to main.o(i.SystemClock_Config) for SystemClock_Config
    main.o(i.main) refers to gpio.o(i.MX_GPIO_Init) for MX_GPIO_Init
    main.o(i.main) refers to dma.o(i.MX_DMA_Init) for MX_DMA_Init
    main.o(i.main) refers to tim.o(i.MX_TIM1_Init) for MX_TIM1_Init
    main.o(i.main) refers to adc.o(i.MX_ADC1_Init) for MX_ADC1_Init
    main.o(i.main) refers to tim.o(i.MX_TIM8_Init) for MX_TIM8_Init
    main.o(i.main) refers to control.o(i.Starttime) for Starttime
    main.o(i.main) refers to control.o(i.pid_param_init) for pid_param_init
    main.o(i.main) refers to oled.o(i.OLED_Init) for OLED_Init
    main.o(i.main) refers to stm32f4xx_hal.o(i.HAL_Delay) for HAL_Delay
    main.o(i.main) refers to oled.o(i.OLED_Clear) for OLED_Clear
    main.o(i.main) refers to oled.o(i.OLED_ShowString) for OLED_ShowString
    main.o(i.main) refers to oled.o(i.OLED_Refresh_Gram) for OLED_Refresh_Gram
    main.o(i.main) refers to control.o(.bss) for ipark
    gpio.o(i.MX_GPIO_Init) refers to memseta.o(.text) for __aeabi_memclr4
    gpio.o(i.MX_GPIO_Init) refers to stm32f4xx_hal_gpio.o(i.HAL_GPIO_WritePin) for HAL_GPIO_WritePin
    gpio.o(i.MX_GPIO_Init) refers to stm32f4xx_hal_gpio.o(i.HAL_GPIO_Init) for HAL_GPIO_Init
    adc.o(i.HAL_ADC_MspDeInit) refers to stm32f4xx_hal_gpio.o(i.HAL_GPIO_DeInit) for HAL_GPIO_DeInit
    adc.o(i.HAL_ADC_MspDeInit) refers to stm32f4xx_hal_dma.o(i.HAL_DMA_DeInit) for HAL_DMA_DeInit
    adc.o(i.HAL_ADC_MspDeInit) refers to stm32f4xx_hal_cortex.o(i.HAL_NVIC_DisableIRQ) for HAL_NVIC_DisableIRQ
    adc.o(i.HAL_ADC_MspInit) refers to memseta.o(.text) for __aeabi_memclr4
    adc.o(i.HAL_ADC_MspInit) refers to stm32f4xx_hal_gpio.o(i.HAL_GPIO_Init) for HAL_GPIO_Init
    adc.o(i.HAL_ADC_MspInit) refers to stm32f4xx_hal_dma.o(i.HAL_DMA_Init) for HAL_DMA_Init
    adc.o(i.HAL_ADC_MspInit) refers to main.o(i.Error_Handler) for Error_Handler
    adc.o(i.HAL_ADC_MspInit) refers to stm32f4xx_hal_cortex.o(i.HAL_NVIC_SetPriority) for HAL_NVIC_SetPriority
    adc.o(i.HAL_ADC_MspInit) refers to stm32f4xx_hal_cortex.o(i.HAL_NVIC_EnableIRQ) for HAL_NVIC_EnableIRQ
    adc.o(i.HAL_ADC_MspInit) refers to adc.o(.bss) for .bss
    adc.o(i.MX_ADC1_Init) refers to stm32f4xx_hal_adc.o(i.HAL_ADC_Init) for HAL_ADC_Init
    adc.o(i.MX_ADC1_Init) refers to main.o(i.Error_Handler) for Error_Handler
    adc.o(i.MX_ADC1_Init) refers to stm32f4xx_hal_adc.o(i.HAL_ADC_ConfigChannel) for HAL_ADC_ConfigChannel
    adc.o(i.MX_ADC1_Init) refers to adc.o(.bss) for .bss
    dma.o(i.MX_DMA_Init) refers to stm32f4xx_hal_cortex.o(i.HAL_NVIC_SetPriority) for HAL_NVIC_SetPriority
    dma.o(i.MX_DMA_Init) refers to stm32f4xx_hal_cortex.o(i.HAL_NVIC_EnableIRQ) for HAL_NVIC_EnableIRQ
[...]
    Removing stm32f4xx_hal_tim.o(i.HAL_TIM_SlaveConfigSynchro), (86 bytes).
    Removing stm32f4xx_hal_tim.o(i.HAL_TIM_SlaveConfigSynchro_IT), (86 bytes).
    Removing stm32f4xx_hal_tim.o(i.HAL_TIM_TriggerHalfCpltCallback), (2 bytes).
    Removing stm32f4xx_hal_tim.o(i.TIM_DMACaptureCplt), (62 bytes).
    Removing stm32f4xx_hal_tim.o(i.TIM_DMACaptureHalfCplt), (62 bytes).
    Removing stm32f4xx_hal_tim.o(i.TIM_DMADelayPulseCplt), (62 bytes).
    Removing stm32f4xx_hal_tim.o(i.TIM_DMADelayPulseHalfCplt), (62 bytes).
    Removing stm32f4xx_hal_tim.o(i.TIM_DMAError), (16 bytes).
    Removing stm32f4xx_hal_tim.o(i.TIM_DMAPeriodElapsedCplt), (16 bytes).
    Removing stm32f4xx_hal_tim.o(i.TIM_DMAPeriodElapsedHalfCplt), (16 bytes).
    Removing stm32f4xx_hal_tim.o(i.TIM_DMATriggerCplt), (16 bytes).
    Removing stm32f4xx_hal_tim.o(i.TIM_DMATriggerHalfCplt), (16 bytes).
    Removing stm32f4xx_hal_tim.o(i.TIM_SlaveTimer_SetConfig), (134 bytes).
    Removing stm32f4xx_hal_tim.o(i.TIM_TI1_SetConfig), (128 bytes).
    Removing stm32f4xx_hal_tim.o(i.TIM_TI2_SetConfig), (54 bytes).
    Removing stm32f4xx_hal_tim_ex.o(.rev16_text), (4 bytes).
    Removing stm32f4xx_hal_tim_ex.o(.revsh_text), (4 bytes).
    Removing stm32f4xx_hal_tim_ex.o(.rrx_text), (6 bytes).
    Removing stm32f4xx_hal_tim_ex.o(i.HAL_TIMEx_CommutHalfCpltCallback), (2 bytes).
    Removing stm32f4xx_hal_tim_ex.o(i.HAL_TIMEx_ConfigCommutEvent), (112 bytes).
    Removing stm32f4xx_hal_tim_ex.o(i.HAL_TIMEx_ConfigCommutEvent_DMA), (144 bytes).
    Removing stm32f4xx_hal_tim_ex.o(i.HAL_TIMEx_ConfigCommutEvent_IT), (112 bytes).
    Removing stm32f4xx_hal_tim_ex.o(i.HAL_TIMEx_HallSensor_DeInit), (56 bytes).
    Removing stm32f4xx_hal_tim_ex.o(i.HAL_TIMEx_HallSensor_GetState), (6 bytes).
    Removing stm32f4xx_hal_tim_ex.o(i.HAL_TIMEx_HallSensor_Init), (188 bytes).
    Removing stm32f4xx_hal_tim_ex.o(i.HAL_TIMEx_HallSensor_MspDeInit), (2 bytes).
    Removing stm32f4xx_hal_tim_ex.o(i.HAL_TIMEx_HallSensor_MspInit), (2 bytes).
    Removing stm32f4xx_hal_tim_ex.o(i.HAL_TIMEx_HallSensor_Start), (38 bytes).
    Removing stm32f4xx_hal_tim_ex.o(i.HAL_TIMEx_HallSensor_Start_DMA), (128 bytes).
    Removing stm32f4xx_hal_tim_ex.o(i.HAL_TIMEx_HallSensor_Start_IT), (48 bytes).
    Removing stm32f4xx_hal_tim_ex.o(i.HAL_TIMEx_HallSensor_Stop), (46 bytes).
    Removing stm32f4xx_hal_tim_ex.o(i.HAL_TIMEx_HallSensor_Stop_DMA), (62 bytes).
    Removing stm32f4xx_hal_tim_ex.o(i.HAL_TIMEx_HallSensor_Stop_IT), (56 bytes).
    Removing stm32f4xx_hal_tim_ex.o(i.HAL_TIMEx_OCN_Start), (46 bytes).
    Removing stm32f4xx_hal_tim_ex.o(i.HAL_TIMEx_OCN_Start_DMA), (228 bytes).
    Removing stm32f4xx_hal_tim_ex.o(i.HAL_TIMEx_OCN_Start_IT), (94 bytes).
    Removing stm32f4xx_hal_tim_ex.o(i.HAL_TIMEx_OCN_Stop), (68 bytes).
    Removing stm32f4xx_hal_tim_ex.o(i.HAL_TIMEx_OCN_Stop_DMA), (130 bytes).
    Removing stm32f4xx_hal_tim_ex.o(i.HAL_TIMEx_OCN_Stop_IT), (122 bytes).
    Removing stm32f4xx_hal_tim_ex.o(i.HAL_TIMEx_OnePulseN_Start), (26 bytes).
    Removing stm32f4xx_hal_tim_ex.o(i.HAL_TIMEx_OnePulseN_Start_IT), (46 bytes).
    Removing stm32f4xx_hal_tim_ex.o(i.HAL_TIMEx_OnePulseN_Stop), (68 bytes).
    Removing stm32f4xx_hal_tim_ex.o(i.HAL_TIMEx_OnePulseN_Stop_IT), (88 bytes).
    Removing stm32f4xx_hal_tim_ex.o(i.HAL_TIMEx_PWMN_Start_DMA), (228 bytes).
    Removing stm32f4xx_hal_tim_ex.o(i.HAL_TIMEx_PWMN_Start_IT), (94 bytes).
    Removing stm32f4xx_hal_tim_ex.o(i.HAL_TIMEx_PWMN_Stop), (68 bytes).
    Removing stm32f4xx_hal_tim_ex.o(i.HAL_TIMEx_PWMN_Stop_DMA), (130 bytes).
    Removing stm32f4xx_hal_tim_ex.o(i.HAL_TIMEx_PWMN_Stop_IT), (122 bytes).
    Removing stm32f4xx_hal_tim_ex.o(i.HAL_TIMEx_RemapConfig), (28 bytes).
    Removing stm32f4xx_hal_tim_ex.o(i.TIMEx_DMACommutationCplt), (16 bytes).
    Removing stm32f4xx_hal_tim_ex.o(i.TIMEx_DMACommutationHalfCplt), (16 bytes).
    Removing system_stm32f4xx.o(.rev16_text), (4 bytes).
    Removing system_stm32f4xx.o(.revsh_text), (4 bytes).
    Removing system_stm32f4xx.o(.rrx_text), (6 bytes).
    Removing system_stm32f4xx.o(i.SystemCoreClockUpdate), (120 bytes).
    Removing system_stm32f4xx.o(.constdata), (8 bytes).
    Removing control.o(.rev16_text), (4 bytes).
    Removing control.o(.revsh_text), (4 bytes).
    Removing control.o(.rrx_text), (6 bytes).
    Removing control.o(i.Led_Flash), (56 bytes).
    Removing control.o(i.abs), (8 bytes).
    Removing control.o(i.filter), (20 bytes).
    Removing control.o(.bss), (160 bytes).
    Removing control.o(.bss), (24 bytes).
    Removing control.o(.bss), (24 bytes).
    Removing control.o(.bss), (40 bytes).
    Removing control.o(.data), (4 bytes).
    Removing control.o(.data), (4 bytes).
    Removing control.o(.data), (4 bytes).
    Removing control.o(.data), (4 bytes).
    Removing control.o(.data), (4 bytes).
    Removing control.o(.data), (4 bytes).
    Removing control.o(.data), (4 bytes).
    Removing control.o(.data), (4 bytes).
    Removing control.o(.data), (4 bytes).
    Removing control.o(.data), (4 bytes).
    Removing control.o(.data), (4 bytes).
    Removing delay.o(.rev16_text), (4 bytes).
    Removing delay.o(.revsh_text), (4 bytes).
    Removing delay.o(.rrx_text), (6 bytes).
    Removing delay.o(i.delay_init), (20 bytes).
    Removing delay.o(i.delay_ms), (26 bytes).
    Removing pid.o(.rev16_text), (4 bytes).
    Removing pid.o(.revsh_text), (4 bytes).
    Removing pid.o(.rrx_text), (6 bytes).
    Removing pid.o(i.PID_calc), (332 bytes).
    Removing pid.o(i.PID_clear), (64 bytes).
    Removing sys.o(.rev16_text), (4 bytes).
    Removing sys.o(.revsh_text), (4 bytes).
    Removing sys.o(.rrx_text), (6 bytes).
    Removing sys.o(.emb_text), (16 bytes).
    Removing sys.o(i.Stm32_Clock_Init), (148 bytes).
    Removing foc1.o(.rev16_text), (4 bytes).
    Removing foc1.o(.revsh_text), (4 bytes).
    Removing foc1.o(.rrx_text), (6 bytes).
    Removing foc1.o(i.iclarke_calc), (52 bytes).
    Removing soft_iic.o(.rev16_text), (4 bytes).
    Removing soft_iic.o(.revsh_text), (4 bytes).
    Removing soft_iic.o(.rrx_text), (6 bytes).
    Removing soft_iic.o(i.IIC_Ack), (64 bytes).
    Removing soft_iic.o(i.IIC_NAck), (64 bytes).
    Removing soft_iic.o(i.IIC_Read_Byte), (104 bytes).
    Removing oled.o(.rev16_text), (4 bytes).
    Removing oled.o(.revsh_text), (4 bytes).
    Removing oled.o(.rrx_text), (6 bytes).
    Removing oled.o(i.OLED_Fill), (76 bytes).
    Removing oled.o(i.OLED_ShowFloat), (300 bytes).
    Removing oled.o(i.OLED_ShowNum), (154 bytes).
    Removing oled.o(i.mypow), (16 bytes).
    Removing oled.o(.constdata), (384 bytes).
    Removing arm_sin_cos_f32.o(.rev16_text), (4 bytes).
    Removing arm_sin_cos_f32.o(.revsh_text), (4 bytes).
    Removing arm_sin_cos_f32.o(.rrx_text), (6 bytes).
    Removing arm_common_tables.o(.rev16_text), (4 bytes).
    Removing arm_common_tables.o(.revsh_text), (4 bytes).
    Removing arm_common_tables.o(.rrx_text), (6 bytes).
    Removing arm_common_tables.o(.constdata), (2048 bytes).
    Removing arm_common_tables.o(.constdata), (128 bytes).
    Removing arm_common_tables.o(.constdata), (256 bytes).
    Removing arm_common_tables.o(.constdata), (512 bytes).
    Removing arm_common_tables.o(.constdata), (1024 bytes).
    Removing arm_common_tables.o(.constdata), (2048 bytes).
    Removing arm_common_tables.o(.constdata), (4096 bytes).
    Removing arm_common_tables.o(.constdata), (8192 bytes).
    Removing arm_common_tables.o(.constdata), (16384 bytes).
    Removing arm_common_tables.o(.constdata), (32768 bytes).
    Removing arm_common_tables.o(.constdata), (96 bytes).
    Removing arm_common_tables.o(.constdata), (192 bytes).
    Removing arm_common_tables.o(.constdata), (384 bytes).
    Removing arm_common_tables.o(.constdata), (768 bytes).
    Removing arm_common_tables.o(.constdata), (1536 bytes).
    Removing arm_common_tables.o(.constdata), (3072 bytes).
    Removing arm_common_tables.o(.constdata), (6144 bytes).
    Removing arm_common_tables.o(.constdata), (12288 bytes).
    Removing arm_common_tables.o(.constdata), (24576 bytes).
    Removing arm_common_tables.o(.constdata), (48 bytes).
    Removing arm_common_tables.o(.constdata), (96 bytes).
    Removing arm_common_tables.o(.constdata), (192 bytes).
    Removing arm_common_tables.o(.constdata), (384 bytes).
    Removing arm_common_tables.o(.constdata), (768 bytes).
    Removing arm_common_tables.o(.constdata), (1536 bytes).
    Removing arm_common_tables.o(.constdata), (3072 bytes).
    Removing arm_common_tables.o(.constdata), (6144 bytes).
    Removing arm_common_tables.o(.constdata), (12288 bytes).
    Removing arm_common_tables.o(.constdata), (128 bytes).
    Removing arm_common_tables.o(.constdata), (256 bytes).
    Removing arm_common_tables.o(.constdata), (40 bytes).
    Removing arm_common_tables.o(.constdata), (96 bytes).
    Removing arm_common_tables.o(.constdata), (112 bytes).
    Removing arm_common_tables.o(.constdata), (416 bytes).
    Removing arm_common_tables.o(.constdata), (880 bytes).
    Removing arm_common_tables.o(.constdata), (896 bytes).
    Removing arm_common_tables.o(.constdata), (3600 bytes).
    Removing arm_common_tables.o(.constdata), (7616 bytes).
    Removing arm_common_tables.o(.constdata), (8064 bytes).
    Removing arm_common_tables.o(.constdata), (24 bytes).
    Removing arm_common_tables.o(.constdata), (48 bytes).
    Removing arm_common_tables.o(.constdata), (112 bytes).
    Removing arm_common_tables.o(.constdata), (224 bytes).
    Removing arm_common_tables.o(.constdata), (480 bytes).
    Removing arm_common_tables.o(.constdata), (960 bytes).
    Removing arm_common_tables.o(.constdata), (1984 bytes).
    Removing arm_common_tables.o(.constdata), (3968 bytes).
    Removing arm_common_tables.o(.constdata), (8064 bytes).
    Removing arm_common_tables.o(.constdata), (128 bytes).
    Removing arm_common_tables.o(.constdata), (256 bytes).
    Removing arm_common_tables.o(.constdata), (512 bytes).
    Removing arm_common_tables.o(.constdata), (1024 bytes).
    Removing arm_common_tables.o(.constdata), (2048 bytes).
    Removing arm_common_tables.o(.constdata), (4096 bytes).
    Removing arm_common_tables.o(.constdata), (8192 bytes).
    Removing arm_common_tables.o(.constdata), (16384 bytes).
    Removing arm_common_tables.o(.constdata), (2052 bytes).
    Removing arm_common_tables.o(.constdata), (1026 bytes).

481 unused section(s) (total 247528 bytes) removed from the image.

==============================================================================

Image Symbol Table

    Local Symbols

    Symbol Name                              Value     Ov Type        Size  Object(Section)

    ../Core/Src/adc.c                        0x00000000   Number         0  adc.o ABSOLUTE
    ../Core/Src/dma.c                        0x00000000   Number         0  dma.o ABSOLUTE
    ../Core/Src/gpio.c                       0x00000000   Number         0  gpio.o ABSOLUTE
    ../Core/Src/main.c                       0x00000000   Number         0  main.o ABSOLUTE
    ../Core/Src/stm32f4xx_hal_msp.c          0x00000000   Number         0  stm32f4xx_hal_msp.o ABSOLUTE
    ../Core/Src/stm32f4xx_it.c               0x00000000   Number         0  stm32f4xx_it.o ABSOLUTE
    ../Core/Src/system_stm32f4xx.c           0x00000000   Number         0  system_stm32f4xx.o ABSOLUTE
    ../Core/Src/tim.c                        0x00000000   Number         0  tim.o ABSOLUTE
    ../Drivers/STM32F4xx_HAL_Driver/Src/stm32f4xx_hal.c 0x00000000   Number         0  stm32f4xx_hal.o ABSOLUTE
    ../Drivers/STM32F4xx_HAL_Driver/Src/stm32f4xx_hal_adc.c 0x00000000   Number         0  stm32f4xx_hal_adc.o ABSOLUTE
    ../Drivers/STM32F4xx_HAL_Driver/Src/stm32f4xx_hal_adc_ex.c 0x00000000   Number         0  stm32f4xx_hal_adc_ex.o ABSOLUTE
    ../Drivers/STM32F4xx_HAL_Driver/Src/stm32f4xx_hal_cortex.c 0x00000000   Number         0  stm32f4xx_hal_cortex.o ABSOLUTE
    ../Drivers/STM32F4xx_HAL_Driver/Src/stm32f4xx_hal_dma.c 0x00000000   Number         0  stm32f4xx_hal_dma.o ABSOLUTE
    ../Drivers/STM32F4xx_HAL_Driver/Src/stm32f4xx_hal_dma_ex.c 0x00000000   Number         0  stm32f4xx_hal_dma_ex.o ABSOLUTE
    ../Drivers/STM32F4xx_HAL_Driver/Src/stm32f4xx_hal_exti.c 0x00000000   Number         0  stm32f4xx_hal_exti.o ABSOLUTE
    ../Drivers/STM32F4xx_HAL_Driver/Src/stm32f4xx_hal_flash.c 0x00000000   Number         0  stm32f4xx_hal_flash.o ABSOLUTE
    ../Drivers/STM32F4xx_HAL_Driver/Src/stm32f4xx_hal_flash_ex.c 0x00000000   Number         0  stm32f4xx_hal_flash_ex.o ABSOLUTE
    ../Drivers/STM32F4xx_HAL_Driver/Src/stm32f4xx_hal_flash_ramfunc.c 0x00000000   Number         0  stm32f4xx_hal_flash_ramfunc.o ABSOLUTE
    ../Drivers/STM32F4xx_HAL_Driver/Src/stm32f4xx_hal_gpio.c 0x00000000   Number         0  stm32f4xx_hal_gpio.o ABSOLUTE
    ../Drivers/STM32F4xx_HAL_Driver/Src/stm32f4xx_hal_pwr.c 0x00000000   Number         0  stm32f4xx_hal_pwr.o ABSOLUTE
    ../Drivers/STM32F4xx_HAL_Driver/Src/stm32f4xx_hal_pwr_ex.c 0x00000000   Number         0  stm32f4xx_hal_pwr_ex.o ABSOLUTE
    ../Drivers/STM32F4xx_HAL_Driver/Src/stm32f4xx_hal_rcc.c 0x00000000   Number         0  stm32f4xx_hal_rcc.o ABSOLUTE
    ../Drivers/STM32F4xx_HAL_Driver/Src/stm32f4xx_hal_rcc_ex.c 0x00000000   Number         0  stm32f4xx_hal_rcc_ex.o ABSOLUTE
    ../Drivers/STM32F4xx_HAL_Driver/Src/stm32f4xx_hal_tim.c 0x00000000   Number         0  stm32f4xx_hal_tim.o ABSOLUTE
    ../Drivers/STM32F4xx_HAL_Driver/Src/stm32f4xx_hal_tim_ex.c 0x00000000   Number         0  stm32f4xx_hal_tim_ex.o ABSOLUTE
    ../clib/microlib/division.c              0x00000000   Number         0  uldiv.o ABSOLUTE
    ../clib/microlib/init/entry.s            0x00000000   Number         0  entry5.o ABSOLUTE
    ../clib/microlib/init/entry.s            0x00000000   Number         0  entry10a.o ABSOLUTE
    ../clib/microlib/init/entry.s            0x00000000   Number         0  entry9b.o ABSOLUTE
    ../clib/microlib/init/entry.s            0x00000000   Number         0  entry2.o ABSOLUTE
    ../clib/microlib/init/entry.s            0x00000000   Number         0  entry9a.o ABSOLUTE
    ../clib/microlib/init/entry.s            0x00000000   Number         0  entry10b.o ABSOLUTE
    ../clib/microlib/init/entry.s            0x00000000   Number         0  entry7b.o ABSOLUTE
    ../clib/microlib/init/entry.s            0x00000000   Number         0  entry7a.o ABSOLUTE
    ../clib/microlib/init/entry.s            0x00000000   Number         0  entry8a.o ABSOLUTE
    ../clib/microlib/init/entry.s            0x00000000   Number         0  entry8b.o ABSOLUTE
    ../clib/microlib/init/entry.s            0x00000000   Number         0  entry11b.o ABSOLUTE
    ../clib/microlib/init/entry.s            0x00000000   Number         0  entry11a.o ABSOLUTE
    ../clib/microlib/init/entry.s            0x00000000   Number         0  entry.o ABSOLUTE
    ../clib/microlib/longlong.c              0x00000000   Number         0  llshl.o ABSOLUTE
    ../clib/microlib/longlong.c              0x00000000   Number         0  llushr.o ABSOLUTE
    ../clib/microlib/string/memset.c         0x00000000   Number         0  memseta.o ABSOLUTE
    ../clib/microlib/stubs.s                 0x00000000   Number         0  iusefp.o ABSOLUTE
    ../fplib/microlib/d2f.c                  0x00000000   Number         0  d2f.o ABSOLUTE
    ../fplib/microlib/fpdiv.c                0x00000000   Number         0  ddiv.o ABSOLUTE
    ../fplib/microlib/fpepilogue.c           0x00000000   Number         0  fepilogue.o ABSOLUTE
    ../fplib/microlib/fpepilogue.c           0x00000000   Number         0  depilogue.o ABSOLUTE
    ../fplib/microlib/fpflt.c                0x00000000   Number         0  dflti.o ABSOLUTE
    ../fplib/microlib/fpmul.c                0x00000000   Number         0  dmul.o ABSOLUTE
    ../mathlib/atanf.c                       0x00000000   Number         0  atanf_x.o ABSOLUTE
    ../mathlib/atanf.c                       0x00000000   Number         0  atanf.o ABSOLUTE
    ../mathlib/fpclassifyf.c                 0x00000000   Number         0  fpclassifyf.o ABSOLUTE
    ../mathlib/funder.c                      0x00000000   Number         0  funder.o ABSOLUTE
    ..\..\Source\CommonTables\arm_common_tables.c 0x00000000   Number         0  arm_common_tables.o ABSOLUTE
    ..\..\Source\ControllerFunctions\arm_sin_cos_f32.c 0x00000000   Number         0  arm_sin_cos_f32.o ABSOLUTE
    ..\Core\Src\adc.c                        0x00000000   Number         0  adc.o ABSOLUTE
    ..\Core\Src\dma.c                        0x00000000   Number         0  dma.o ABSOLUTE
    ..\Core\Src\gpio.c                       0x00000000   Number         0  gpio.o ABSOLUTE
    ..\Core\Src\main.c                       0x00000000   Number         0  main.o ABSOLUTE
    ..\Core\Src\stm32f4xx_hal_msp.c          0x00000000   Number         0  stm32f4xx_hal_msp.o ABSOLUTE
    ..\Core\Src\stm32f4xx_it.c               0x00000000   Number         0  stm32f4xx_it.o ABSOLUTE
    ..\Core\Src\system_stm32f4xx.c           0x00000000   Number         0  system_stm32f4xx.o ABSOLUTE
    ..\Core\Src\tim.c                        0x00000000   Number         0  tim.o ABSOLUTE
    ..\Drivers\STM32F4xx_HAL_Driver\Src\stm32f4xx_hal.c 0x00000000   Number         0  stm32f4xx_hal.o ABSOLUTE
    ..\Drivers\STM32F4xx_HAL_Driver\Src\stm32f4xx_hal_adc.c 0x00000000   Number         0  stm32f4xx_hal_adc.o ABSOLUTE
    ..\Drivers\STM32F4xx_HAL_Driver\Src\stm32f4xx_hal_adc_ex.c 0x00000000   Number         0  stm32f4xx_hal_adc_ex.o ABSOLUTE
    ..\Drivers\STM32F4xx_HAL_Driver\Src\stm32f4xx_hal_cortex.c 0x00000000   Number         0  stm32f4xx_hal_cortex.o ABSOLUTE
    ..\Drivers\STM32F4xx_HAL_Driver\Src\stm32f4xx_hal_dma.c 0x00000000   Number         0  stm32f4xx_hal_dma.o ABSOLUTE
    ..\Drivers\STM32F4xx_HAL_Driver\Src\stm32f4xx_hal_dma_ex.c 0x00000000   Number         0  stm32f4xx_hal_dma_ex.o ABSOLUTE
    ..\Drivers\STM32F4xx_HAL_Driver\Src\stm32f4xx_hal_exti.c 0x00000000   Number         0  stm32f4xx_hal_exti.o ABSOLUTE
    ..\Drivers\STM32F4xx_HAL_Driver\Src\stm32f4xx_hal_flash.c 0x00000000   Number         0  stm32f4xx_hal_flash.o ABSOLUTE
    ..\Drivers\STM32F4xx_HAL_Driver\Src\stm32f4xx_hal_flash_ex.c 0x00000000   Number         0  stm32f4xx_hal_flash_ex.o ABSOLUTE
    ..\Drivers\STM32F4xx_HAL_Driver\Src\stm32f4xx_hal_flash_ramfunc.c 0x00000000   Number         0  stm32f4xx_hal_flash_ramfunc.o ABSOLUTE
    ..\Drivers\STM32F4xx_HAL_Driver\Src\stm32f4xx_hal_gpio.c 0x00000000   Number         0  stm32f4xx_hal_gpio.o ABSOLUTE
    ..\Drivers\STM32F4xx_HAL_Driver\Src\stm32f4xx_hal_pwr.c 0x00000000   Number         0  stm32f4xx_hal_pwr.o ABSOLUTE
    ..\Drivers\STM32F4xx_HAL_Driver\Src\stm32f4xx_hal_pwr_ex.c 0x00000000   Number         0  stm32f4xx_hal_pwr_ex.o ABSOLUTE
    ..\Drivers\STM32F4xx_HAL_Driver\Src\stm32f4xx_hal_rcc.c 0x00000000   Number         0  stm32f4xx_hal_rcc.o ABSOLUTE
    ..\Drivers\STM32F4xx_HAL_Driver\Src\stm32f4xx_hal_rcc_ex.c 0x00000000   Number         0  stm32f4xx_hal_rcc_ex.o ABSOLUTE
    ..\Drivers\STM32F4xx_HAL_Driver\Src\stm32f4xx_hal_tim.c 0x00000000   Number         0  stm32f4xx_hal_tim.o ABSOLUTE
    ..\Drivers\STM32F4xx_HAL_Driver\Src\stm32f4xx_hal_tim_ex.c 0x00000000   Number         0  stm32f4xx_hal_tim_ex.o ABSOLUTE
    ..\HARDWARE\control.c                    0x00000000   Number         0  control.o ABSOLUTE
    ..\HARDWARE\delay.c                      0x00000000   Number         0  delay.o ABSOLUTE
    ..\HARDWARE\foc1.c                       0x00000000   Number         0  foc1.o ABSOLUTE
    ..\HARDWARE\key.c                        0x00000000   Number         0  key.o ABSOLUTE
    ..\HARDWARE\oled.c                       0x00000000   Number         0  oled.o ABSOLUTE
    ..\HARDWARE\pid.c                        0x00000000   Number         0  pid.o ABSOLUTE
    ..\HARDWARE\soft_iic.c                   0x00000000   Number         0  soft_iic.o ABSOLUTE
    ..\HARDWARE\sys.c                        0x00000000   Number         0  sys.o ABSOLUTE
    ..\\..\\Source\\CommonTables\\arm_common_tables.c 0x00000000   Number         0  arm_common_tables.o ABSOLUTE
    ..\\..\\Source\\ControllerFunctions\\arm_sin_cos_f32.c 0x00000000   Number         0  arm_sin_cos_f32.o ABSOLUTE
    ..\\HARDWARE\\control.c                  0x00000000   Number         0  control.o ABSOLUTE
    ..\\HARDWARE\\delay.c                    0x00000000   Number         0  delay.o ABSOLUTE
    ..\\HARDWARE\\foc1.c                     0x00000000   Number         0  foc1.o ABSOLUTE
    ..\\HARDWARE\\oled.c                     0x00000000   Number         0  oled.o ABSOLUTE
    ..\\HARDWARE\\pid.c                      0x00000000   Number         0  pid.o ABSOLUTE
    ..\\HARDWARE\\soft_iic.c                 0x00000000   Number         0  soft_iic.o ABSOLUTE
    ..\\HARDWARE\\sys.c                      0x00000000   Number         0  sys.o ABSOLUTE
    dc.s                                     0x00000000   Number         0  dc.o ABSOLUTE
    handlers.s                               0x00000000   Number         0  handlers.o ABSOLUTE
    init.s                                   0x00000000   Number         0  init.o ABSOLUTE
    startup_stm32f407xx.s                    0x00000000   Number         0  startup_stm32f407xx.o ABSOLUTE
    RESET                                    0x08000000   Section      392  startup_stm32f407xx.o(RESET)
    .ARM.Collect$$$$00000000                 0x08000188   Section        0  entry.o(.ARM.Collect$$$$00000000)
    .ARM.Collect$$$$00000001                 0x08000188   Section        4  entry2.o(.ARM.Collect$$$$00000001)
    .ARM.Collect$$$$00000004                 0x0800018c   Section        4  entry5.o(.ARM.Collect$$$$00000004)
    .ARM.Collect$$$$00000008                 0x08000190   Section        0  entry7b.o(.ARM.Collect$$$$00000008)
    .ARM.Collect$$$$0000000A                 0x08000190   Section        0  entry8b.o(.ARM.Collect$$$$0000000A)
    .ARM.Collect$$$$0000000B                 0x08000190   Section        8  entry9a.o(.ARM.Collect$$$$0000000B)
    .ARM.Collect$$$$0000000D                 0x08000198   Section        0  entry10a.o(.ARM.Collect$$$$0000000D)
    .ARM.Collect$$$$0000000F                 0x08000198   Section        0  entry11a.o(.ARM.Collect$$$$0000000F)
    .ARM.Collect$$$$00002712                 0x08000198   Section        4  entry2.o(.ARM.Collect$$$$00002712)
    __lit__00000000                          0x08000198   Data           4  entry2.o(.ARM.Collect$$$$00002712)
    .text                                    0x0800019c   Section       36  startup_stm32f407xx.o(.text)
    $v0                                      0x0800019c   Number         0  startup_stm32f407xx.o(.text)
    .text                                    0x080001c0   Section        0  arm_sin_cos_f32.o(.text)
    .text                                    0x080002ec   Section        0  uldiv.o(.text)
    .text                                    0x0800034e   Section        0  memseta.o(.text)
    .text                                    0x08000372   Section        0  dmul.o(.text)
    .text                                    0x08000456   Section        0  ddiv.o(.text)
    .text                                    0x08000534   Section        0  dflti.o(.text)
    .text                                    0x08000556   Section        0  d2f.o(.text)
    .text                                    0x0800058e   Section        0  llshl.o(.text)
    .text                                    0x080005ac   Section        0  llushr.o(.text)
    .text                                    0x080005cc   Section        0  iusefp.o(.text)
    .text                                    0x080005cc   Section        0  fepilogue.o(.text)
    .text                                    0x0800063a   Section        0  depilogue.o(.text)
    .text                                    0x080006f4   Section       36  init.o(.text)
    i.ADC_DMAConvCplt                        0x08000718   Section        0  stm32f4xx_hal_adc.o(i.ADC_DMAConvCplt)
    ADC_DMAConvCplt                          0x08000719   Thumb Code   110  stm32f4xx_hal_adc.o(i.ADC_DMAConvCplt)
    i.ADC_DMAError                           0x08000786   Section        0  stm32f4xx_hal_adc.o(i.ADC_DMAError)
    ADC_DMAError                             0x08000787   Thumb Code    22  stm32f4xx_hal_adc.o(i.ADC_DMAError)
    i.ADC_DMAHalfConvCplt                    0x0800079c   Section        0  stm32f4xx_hal_adc.o(i.ADC_DMAHalfConvCplt)
    ADC_DMAHalfConvCplt                      0x0800079d   Thumb Code    10  stm32f4xx_hal_adc.o(i.ADC_DMAHalfConvCplt)
    i.ADC_IRQHandler                         0x080007a8   Section        0  stm32f4xx_it.o(i.ADC_IRQHandler)
    i.ADC_Init                               0x080007b4   Section        0  stm32f4xx_hal_adc.o(i.ADC_Init)
    ADC_Init                                 0x080007b5   Thumb Code   284  stm32f4xx_hal_adc.o(i.ADC_Init)
    i.BusFault_Handler                       0x080008dc   Section        0  stm32f4xx_it.o(i.BusFault_Handler)
    i.Column_set                             0x080008de   Section        0  oled.o(i.Column_set)
    i.DMA2_Stream0_IRQHandler                0x080008f8   Section        0  stm32f4xx_it.o(i.DMA2_Stream0_IRQHandler)
    i.DMA_CalcBaseAndBitshift                0x08000904   Section        0  stm32f4xx_hal_dma.o(i.DMA_CalcBaseAndBitshift)
    DMA_CalcBaseAndBitshift                  0x08000905   Thumb Code    34  stm32f4xx_hal_dma.o(i.DMA_CalcBaseAndBitshift)
    i.DMA_CheckFifoParam                     0x0800092c   Section        0  stm32f4xx_hal_dma.o(i.DMA_CheckFifoParam)
    DMA_CheckFifoParam                       0x0800092d   Thumb Code    84  stm32f4xx_hal_dma.o(i.DMA_CheckFifoParam)
    i.DMA_SetConfig                          0x08000980   Section        0  stm32f4xx_hal_dma.o(i.DMA_SetConfig)
    DMA_SetConfig                            0x08000981   Thumb Code    40  stm32f4xx_hal_dma.o(i.DMA_SetConfig)
    i.DebugMon_Handler                       0x080009a8   Section        0  stm32f4xx_it.o(i.DebugMon_Handler)
    i.Error_Handler                          0x080009aa   Section        0  main.o(i.Error_Handler)
    i.HAL_ADCEx_InjectedConvCpltCallback     0x080009ac   Section        0  stm32f4xx_hal_adc_ex.o(i.HAL_ADCEx_InjectedConvCpltCallback)
    i.HAL_ADC_ConfigChannel                  0x080009b0   Section        0  stm32f4xx_hal_adc.o(i.HAL_ADC_ConfigChannel)
    i.HAL_ADC_ConvCpltCallback               0x08000afc   Section        0  stm32f4xx_hal_adc.o(i.HAL_ADC_ConvCpltCallback)
    i.HAL_ADC_ConvHalfCpltCallback           0x08000afe   Section        0  stm32f4xx_hal_adc.o(i.HAL_ADC_ConvHalfCpltCallback)
    i.HAL_ADC_ErrorCallback                  0x08000b00   Section        0  stm32f4xx_hal_adc.o(i.HAL_ADC_ErrorCallback)
    i.HAL_ADC_IRQHandler                     0x08000b02   Section        0  stm32f4xx_hal_adc.o(i.HAL_ADC_IRQHandler)
    i.HAL_ADC_Init                           0x08000c3e   Section        0  stm32f4xx_hal_adc.o(i.HAL_ADC_Init)
    i.HAL_ADC_LevelOutOfWindowCallback       0x08000c92   Section        0  stm32f4xx_hal_adc.o(i.HAL_ADC_LevelOutOfWindowCallback)
    i.HAL_ADC_MspInit                        0x08000c94   Section        0  adc.o(i.HAL_ADC_MspInit)
    i.HAL_ADC_Start_DMA                      0x08000d84   Section        0  stm32f4xx_hal_adc.o(i.HAL_ADC_Start_DMA)
    i.HAL_DMA_IRQHandler                     0x08000eb4   Section        0  stm32f4xx_hal_dma.o(i.HAL_DMA_IRQHandler)
    i.HAL_DMA_Init                           0x08001054   Section        0  stm32f4xx_hal_dma.o(i.HAL_DMA_Init)
    i.HAL_DMA_Start_IT                       0x08001128   Section        0  stm32f4xx_hal_dma.o(i.HAL_DMA_Start_IT)
    i.HAL_Delay                              0x08001198   Section        0  stm32f4xx_hal.o(i.HAL_Delay)
    i.HAL_GPIO_Init                          0x080011bc   Section        0  stm32f4xx_hal_gpio.o(i.HAL_GPIO_Init)
    i.HAL_GPIO_WritePin                      0x08001374   Section        0  stm32f4xx_hal_gpio.o(i.HAL_GPIO_WritePin)
    i.HAL_GetTick                            0x08001380   Section        0  stm32f4xx_hal.o(i.HAL_GetTick)
    i.HAL_IncTick                            0x0800138c   Section        0  stm32f4xx_hal.o(i.HAL_IncTick)
    i.HAL_Init                               0x0800139c   Section        0  stm32f4xx_hal.o(i.HAL_Init)
    i.HAL_InitTick                           0x080013d0   Section        0  stm32f4xx_hal.o(i.HAL_InitTick)
    i.HAL_MspInit                            0x08001410   Section        0  stm32f4xx_hal_msp.o(i.HAL_MspInit)
    i.HAL_NVIC_EnableIRQ                     0x08001440   Section        0  stm32f4xx_hal_cortex.o(i.HAL_NVIC_EnableIRQ)
    i.HAL_NVIC_SetPriority                   0x0800145c   Section        0  stm32f4xx_hal_cortex.o(i.HAL_NVIC_SetPriority)
    i.HAL_NVIC_SetPriorityGrouping           0x0800149c   Section        0  stm32f4xx_hal_cortex.o(i.HAL_NVIC_SetPriorityGrouping)
    i.HAL_RCC_ClockConfig                    0x080014c0   Section        0  stm32f4xx_hal_rcc.o(i.HAL_RCC_ClockConfig)
    i.HAL_RCC_GetSysClockFreq                0x080015f4   Section        0  stm32f4xx_hal_rcc.o(i.HAL_RCC_GetSysClockFreq)
    i.HAL_RCC_OscConfig                      0x08001654   Section        0  stm32f4xx_hal_rcc.o(i.HAL_RCC_OscConfig)
    i.HAL_SYSTICK_Config                     0x080019b0   Section        0  stm32f4xx_hal_cortex.o(i.HAL_SYSTICK_Config)
    i.HAL_TIMEx_BreakCallback                0x080019d8   Section        0  stm32f4xx_hal_tim_ex.o(i.HAL_TIMEx_BreakCallback)
    i.HAL_TIMEx_CommutCallback               0x080019da   Section        0  stm32f4xx_hal_tim_ex.o(i.HAL_TIMEx_CommutCallback)
    i.HAL_TIMEx_ConfigBreakDeadTime          0x080019dc   Section        0  stm32f4xx_hal_tim_ex.o(i.HAL_TIMEx_ConfigBreakDeadTime)
    i.HAL_TIMEx_MasterConfigSynchronization  0x08001a30   Section        0  stm32f4xx_hal_tim_ex.o(i.HAL_TIMEx_MasterConfigSynchronization)
    i.HAL_TIMEx_PWMN_Start                   0x08001ac0   Section        0  stm32f4xx_hal_tim_ex.o(i.HAL_TIMEx_PWMN_Start)
    i.HAL_TIM_Base_Init                      0x08001aee   Section        0  stm32f4xx_hal_tim.o(i.HAL_TIM_Base_Init)
    i.HAL_TIM_Base_MspInit                   0x08001b24   Section        0  tim.o(i.HAL_TIM_Base_MspInit)
    i.HAL_TIM_Base_Start_IT                  0x08001b60   Section        0  stm32f4xx_hal_tim.o(i.HAL_TIM_Base_Start_IT)
    i.HAL_TIM_ConfigClockSource              0x08001b82   Section        0  stm32f4xx_hal_tim.o(i.HAL_TIM_ConfigClockSource)
    i.HAL_TIM_IC_CaptureCallback             0x08001c58   Section        0  stm32f4xx_hal_tim.o(i.HAL_TIM_IC_CaptureCallback)
    i.HAL_TIM_IRQHandler                     0x08001c5a   Section        0  stm32f4xx_hal_tim.o(i.HAL_TIM_IRQHandler)
    i.HAL_TIM_MspPostInit                    0x08001dc0   Section        0  tim.o(i.HAL_TIM_MspPostInit)
    i.HAL_TIM_OC_DelayElapsedCallback        0x08001ebc   Section        0  stm32f4xx_hal_tim.o(i.HAL_TIM_OC_DelayElapsedCallback)
    i.HAL_TIM_PWM_ConfigChannel              0x08001ebe   Section        0  stm32f4xx_hal_tim.o(i.HAL_TIM_PWM_ConfigChannel)
    i.HAL_TIM_PWM_Init                       0x08001f8e   Section        0  stm32f4xx_hal_tim.o(i.HAL_TIM_PWM_Init)
    i.HAL_TIM_PWM_MspInit                    0x08001fc4   Section        0  tim.o(i.HAL_TIM_PWM_MspInit)
    i.HAL_TIM_PWM_PulseFinishedCallback      0x08002000   Section        0  stm32f4xx_hal_tim.o(i.HAL_TIM_PWM_PulseFinishedCallback)
    i.HAL_TIM_PWM_Start                      0x08002004   Section        0  stm32f4xx_hal_tim.o(i.HAL_TIM_PWM_Start)
    i.HAL_TIM_PeriodElapsedCallback          0x08002048   Section        0  control.o(i.HAL_TIM_PeriodElapsedCallback)
    i.HAL_TIM_TriggerCallback                0x08002308   Section        0  stm32f4xx_hal_tim.o(i.HAL_TIM_TriggerCallback)
    i.HardFault_Handler                      0x0800230a   Section        0  stm32f4xx_it.o(i.HardFault_Handler)
    i.IIC_Init                               0x0800230c   Section        0  soft_iic.o(i.IIC_Init)
    i.IIC_Send_Byte                          0x08002320   Section        0  soft_iic.o(i.IIC_Send_Byte)
    i.IIC_Start                              0x08002380   Section        0  soft_iic.o(i.IIC_Start)
    i.IIC_Stop                               0x080023c0   Section        0  soft_iic.o(i.IIC_Stop)
    i.IIC_Wait_Ack                           0x08002400   Section        0  soft_iic.o(i.IIC_Wait_Ack)
    i.MX_ADC1_Init                           0x08002454   Section        0  adc.o(i.MX_ADC1_Init)
    i.MX_DMA_Init                            0x08002548   Section        0  dma.o(i.MX_DMA_Init)
    i.MX_GPIO_Init                           0x08002574   Section        0  gpio.o(i.MX_GPIO_Init)
    i.MX_TIM1_Init                           0x0800264c   Section        0  tim.o(i.MX_TIM1_Init)
    i.MX_TIM8_Init                           0x08002718   Section        0  tim.o(i.MX_TIM8_Init)
    i.MemManage_Handler                      0x080027dc   Section        0  stm32f4xx_it.o(i.MemManage_Handler)
    i.NMI_Handler                            0x080027de   Section        0  stm32f4xx_it.o(i.NMI_Handler)
    i.OLED_Clear                             0x080027e0   Section        0  oled.o(i.OLED_Clear)
    i.OLED_DrawPoint                         0x0800280c   Section        0  oled.o(i.OLED_DrawPoint)
    i.OLED_Init                              0x0800283c   Section        0  oled.o(i.OLED_Init)
    i.OLED_Refresh_Gram                      0x0800285c   Section        0  oled.o(i.OLED_Refresh_Gram)
    i.OLED_ShowChar                          0x08002890   Section        0  oled.o(i.OLED_ShowChar)
    i.OLED_ShowString                        0x08002944   Section        0  oled.o(i.OLED_ShowString)
    i.OLED_send_cmd                          0x0800299a   Section        0  oled.o(i.OLED_send_cmd)
    i.OLED_send_data                         0x080029c8   Section        0  oled.o(i.OLED_send_data)
    i.PID_init                               0x080029f8   Section        0  pid.o(i.PID_init)
    i.Page_set                               0x08002a58   Section        0  oled.o(i.Page_set)
    i.PendSV_Handler                         0x08002a60   Section        0  stm32f4xx_it.o(i.PendSV_Handler)
    i.SVC_Handler                            0x08002a62   Section        0  stm32f4xx_it.o(i.SVC_Handler)
    i.Starttime                              0x08002a64   Section        0  control.o(i.Starttime)
    i.Svpwm_Set_t                            0x08002ad8   Section        0  control.o(i.Svpwm_Set_t)
    i.SysTick_Handler                        0x08002b30   Section        0  stm32f4xx_it.o(i.SysTick_Handler)
    i.SystemClock_Config                     0x08002b34   Section        0  main.o(i.SystemClock_Config)
    i.SystemInit                             0x08002bb8   Section        0  system_stm32f4xx.o(i.SystemInit)
    i.TIM1_UP_TIM10_IRQHandler               0x08002bd4   Section        0  stm32f4xx_it.o(i.TIM1_UP_TIM10_IRQHandler)
    i.TIM8_UP_TIM13_IRQHandler               0x08002be0   Section        0  stm32f4xx_it.o(i.TIM8_UP_TIM13_IRQHandler)
    i.TIM_Base_SetConfig                     0x08002bec   Section        0  stm32f4xx_hal_tim.o(i.TIM_Base_SetConfig)
    i.TIM_CCxChannelCmd                      0x08002cb4   Section        0  stm32f4xx_hal_tim.o(i.TIM_CCxChannelCmd)
    i.TIM_CCxNChannelCmd                     0x08002cce   Section        0  stm32f4xx_hal_tim_ex.o(i.TIM_CCxNChannelCmd)
    TIM_CCxNChannelCmd                       0x08002ccf   Thumb Code    26  stm32f4xx_hal_tim_ex.o(i.TIM_CCxNChannelCmd)
    i.TIM_ETR_SetConfig                      0x08002ce8   Section        0  stm32f4xx_hal_tim.o(i.TIM_ETR_SetConfig)
    i.TIM_ITRx_SetConfig                     0x08002cfc   Section        0  stm32f4xx_hal_tim.o(i.TIM_ITRx_SetConfig)
    TIM_ITRx_SetConfig                       0x08002cfd   Thumb Code    16  stm32f4xx_hal_tim.o(i.TIM_ITRx_SetConfig)
    i.TIM_OC1_SetConfig                      0x08002d0c   Section        0  stm32f4xx_hal_tim.o(i.TIM_OC1_SetConfig)
    TIM_OC1_SetConfig                        0x08002d0d   Thumb Code    88  stm32f4xx_hal_tim.o(i.TIM_OC1_SetConfig)
    i.TIM_OC2_SetConfig                      0x08002d6c   Section        0  stm32f4xx_hal_tim.o(i.TIM_OC2_SetConfig)
    i.TIM_OC3_SetConfig                      0x08002dd8   Section        0  stm32f4xx_hal_tim.o(i.TIM_OC3_SetConfig)
    TIM_OC3_SetConfig                        0x08002dd9   Thumb Code    96  stm32f4xx_hal_tim.o(i.TIM_OC3_SetConfig)
    i.TIM_OC4_SetConfig                      0x08002e40   Section        0  stm32f4xx_hal_tim.o(i.TIM_OC4_SetConfig)
    TIM_OC4_SetConfig                        0x08002e41   Thumb Code    70  stm32f4xx_hal_tim.o(i.TIM_OC4_SetConfig)
    i.TIM_TI1_ConfigInputStage               0x08002e90   Section        0  stm32f4xx_hal_tim.o(i.TIM_TI1_ConfigInputStage)
    TIM_TI1_ConfigInputStage                 0x08002e91   Thumb Code    34  stm32f4xx_hal_tim.o(i.TIM_TI1_ConfigInputStage)
    i.TIM_TI2_ConfigInputStage               0x08002eb2   Section        0  stm32f4xx_hal_tim.o(i.TIM_TI2_ConfigInputStage)
    TIM_TI2_ConfigInputStage                 0x08002eb3   Thumb Code    36  stm32f4xx_hal_tim.o(i.TIM_TI2_ConfigInputStage)
    i.UsageFault_Handler                     0x08002ed6   Section        0  stm32f4xx_it.o(i.UsageFault_Handler)
    i.__ARM_fpclassifyf                      0x08002ed8   Section        0  fpclassifyf.o(i.__ARM_fpclassifyf)
    i.__NVIC_SetPriority                     0x08002efe   Section        0  stm32f4xx_hal_cortex.o(i.__NVIC_SetPriority)
    __NVIC_SetPriority                       0x08002eff   Thumb Code    32  stm32f4xx_hal_cortex.o(i.__NVIC_SetPriority)
    i.__hardfp_atanf                         0x08002f20   Section        0  atanf.o(i.__hardfp_atanf)
    i.__mathlib_flt_infnan                   0x08003080   Section        0  funder.o(i.__mathlib_flt_infnan)
    i.__mathlib_flt_underflow                0x08003088   Section        0  funder.o(i.__mathlib_flt_underflow)
    i.__scatterload_copy                     0x08003098   Section       14  handlers.o(i.__scatterload_copy)
    i.__scatterload_null                     0x080030a6   Section        2  handlers.o(i.__scatterload_null)
    i.__scatterload_zeroinit                 0x080030a8   Section       14  handlers.o(i.__scatterload_zeroinit)
    i.clarke_calc                            0x080030b8   Section        0  foc1.o(i.clarke_calc)
    i.delay_us                               0x080030f8   Section        0  delay.o(i.delay_us)
    i.ipark_calc                             0x0800312c   Section        0  foc1.o(i.ipark_calc)
    i.lowV                                   0x08003170   Section        0  control.o(i.lowV)
    i.main                                   0x080031ac   Section        0  main.o(i.main)
    i.park_calc                              0x08003218   Section        0  foc1.o(i.park_calc)
    i.pid_param_init                         0x08003254   Section        0  control.o(i.pid_param_init)
    i.svgendq_calc                           0x08003320   Section        0  foc1.o(i.svgendq_calc)
    .constdata                               0x080035b0   Section        8  stm32f4xx_hal_dma.o(.constdata)
    flagBitshiftOffset                       0x080035b0   Data           8  stm32f4xx_hal_dma.o(.constdata)
    .constdata                               0x080035b8   Section       16  system_stm32f4xx.o(.constdata)
    .constdata                               0x080035c8   Section       72  control.o(.constdata)
    .constdata                               0x08003610   Section       96  foc1.o(.constdata)
    .constdata                               0x08003670   Section     6105  oled.o(.constdata)
    .constdata                               0x08004e4c   Section     2052  arm_common_tables.o(.constdata)
    .data                                    0x20000000   Section       12  stm32f4xx_hal.o(.data)
    .data                                    0x2000000c   Section        4  system_stm32f4xx.o(.data)
    .data                                    0x20000010   Section       32  control.o(.data)
    temp                                     0x20000020   Data           4  control.o(.data)
    iLastData                                0x20000024   Data           4  control.o(.data)
    dc_delay                                 0x20000028   Data           4  control.o(.data)
    delay_cnt                                0x2000002c   Data           4  control.o(.data)
    .data                                    0x20000030   Section        4  delay.o(.data)
    fac_us                                   0x20000030   Data           4  delay.o(.data)
    .bss                                     0x20000034   Section      168  adc.o(.bss)
    .bss                                     0x200000dc   Section      128  tim.o(.bss)
    .bss                                     0x2000015c   Section      680  control.o(.bss)
    .bss                                     0x20000404   Section     1024  oled.o(.bss)
    STACK                                    0x20000808   Section     8192  startup_stm32f407xx.o(STACK)

    Global Symbols

    Symbol Name                              Value     Ov Type        Size  Object(Section)

    BuildAttributes$$THM_ISAv4$E$P$D$K$B$S$7EM$VFPi3$EXTD16$VFPS$VFMA$PE$A:L22UL41UL21$X:L11$S22US41US21$IEEE1$IW$USESV6$~STKCKD$USESV7$~SHL$OTIME$ROPI$IEEEX$EBA8$MICROLIB$REQ8$PRES8$EABIv2 0x00000000   Number         0  anon$$obj.o ABSOLUTE
    __ARM_use_no_argv                        0x00000000   Number         0  main.o ABSOLUTE
    __cpp_initialize__aeabi_                  - Undefined Weak Reference
    __cxa_finalize                            - Undefined Weak Reference
    __decompress                              - Undefined Weak Reference
    _clock_init                               - Undefined Weak Reference
    _microlib_exit                            - Undefined Weak Reference
    __Vectors_Size                           0x00000188   Number         0  startup_stm32f407xx.o ABSOLUTE
    __Vectors                                0x08000000   Data           4  startup_stm32f407xx.o(RESET)
    __Vectors_End                            0x08000188   Data           0  startup_stm32f407xx.o(RESET)
    __main                                   0x08000189   Thumb Code     0  entry.o(.ARM.Collect$$$$00000000)
    _main_stk                                0x08000189   Thumb Code     0  entry2.o(.ARM.Collect$$$$00000001)
    _main_scatterload                        0x0800018d   Thumb Code     0  entry5.o(.ARM.Collect$$$$00000004)
    __main_after_scatterload                 0x08000191   Thumb Code     0  entry5.o(.ARM.Collect$$$$00000004)
    _main_clock                              0x08000191   Thumb Code     0  entry7b.o(.ARM.Collect$$$$00000008)
    _main_cpp_init                           0x08000191   Thumb Code     0  entry8b.o(.ARM.Collect$$$$0000000A)
    _main_init                               0x08000191   Thumb Code     0  entry9a.o(.ARM.Collect$$$$0000000B)
    __rt_final_cpp                           0x08000199   Thumb Code     0  entry10a.o(.ARM.Collect$$$$0000000D)
    __rt_final_exit                          0x08000199   Thumb Code     0  entry11a.o(.ARM.Collect$$$$0000000F)
    Reset_Handler                            0x0800019d   Thumb Code     8  startup_stm32f407xx.o(.text)
    CAN1_RX0_IRQHandler                      0x080001b7   Thumb Code     0  startup_stm32f407xx.o(.text)
    CAN1_RX1_IRQHandler                      0x080001b7   Thumb Code     0  startup_stm32f407xx.o(.text)
    CAN1_SCE_IRQHandler                      0x080001b7   Thumb Code     0  startup_stm32f407xx.o(.text)
    CAN1_TX_IRQHandler                       0x080001b7   Thumb Code     0  startup_stm32f407xx.o(.text)
    CAN2_RX0_IRQHandler                      0x080001b7   Thumb Code     0  startup_stm32f407xx.o(.text)
    CAN2_RX1_IRQHandler                      0x080001b7   Thumb Code     0  startup_stm32f407xx.o(.text)
    CAN2_SCE_IRQHandler                      0x080001b7   Thumb Code     0  startup_stm32f407xx.o(.text)
    CAN2_TX_IRQHandler                       0x080001b7   Thumb Code     0  startup_stm32f407xx.o(.text)
    DCMI_IRQHandler                          0x080001b7   Thumb Code     0  startup_stm32f407xx.o(.text)
    DMA1_Stream0_IRQHandler                  0x080001b7   Thumb Code     0  startup_stm32f407xx.o(.text)
    DMA1_Stream1_IRQHandler                  0x080001b7   Thumb Code     0  startup_stm32f407xx.o(.text)
    DMA1_Stream2_IRQHandler                  0x080001b7   Thumb Code     0  startup_stm32f407xx.o(.text)
    DMA1_Stream3_IRQHandler                  0x080001b7   Thumb Code     0  startup_stm32f407xx.o(.text)
    DMA1_Stream4_IRQHandler                  0x080001b7   Thumb Code     0  startup_stm32f407xx.o(.text)
    DMA1_Stream5_IRQHandler                  0x080001b7   Thumb Code     0  startup_stm32f407xx.o(.text)
    DMA1_Stream6_IRQHandler                  0x080001b7   Thumb Code     0  startup_stm32f407xx.o(.text)
    DMA1_Stream7_IRQHandler                  0x080001b7   Thumb Code     0  startup_stm32f407xx.o(.text)
    DMA2_Stream1_IRQHandler                  0x080001b7   Thumb Code     0  startup_stm32f407xx.o(.text)
    DMA2_Stream2_IRQHandler                  0x080001b7   Thumb Code     0  startup_stm32f407xx.o(.text)
    DMA2_Stream3_IRQHandler                  0x080001b7   Thumb Code     0  startup_stm32f407xx.o(.text)
    DMA2_Stream4_IRQHandler                  0x080001b7   Thumb Code     0  startup_stm32f407xx.o(.text)
    DMA2_Stream5_IRQHandler                  0x080001b7   Thumb Code     0  startup_stm32f407xx.o(.text)
    DMA2_Stream6_IRQHandler                  0x080001b7   Thumb Code     0  startup_stm32f407xx.o(.text)
    DMA2_Stream7_IRQHandler                  0x080001b7   Thumb Code     0  startup_stm32f407xx.o(.text)
    ETH_IRQHandler                           0x080001b7   Thumb Code     0  startup_stm32f407xx.o(.text)
    ETH_WKUP_IRQHandler                      0x080001b7   Thumb Code     0  startup_stm32f407xx.o(.text)
    EXTI0_IRQHandler                         0x080001b7   Thumb Code     0  startup_stm32f407xx.o(.text)
    EXTI15_10_IRQHandler                     0x080001b7   Thumb Code     0  startup_stm32f407xx.o(.text)
    EXTI1_IRQHandler                         0x080001b7   Thumb Code     0  startup_stm32f407xx.o(.text)
    EXTI2_IRQHandler                         0x080001b7   Thumb Code     0  startup_stm32f407xx.o(.text)
    EXTI3_IRQHandler                         0x080001b7   Thumb Code     0  startup_stm32f407xx.o(.text)
    EXTI4_IRQHandler                         0x080001b7   Thumb Code     0  startup_stm32f407xx.o(.text)
    EXTI9_5_IRQHandler                       0x080001b7   Thumb Code     0  startup_stm32f407xx.o(.text)
    FLASH_IRQHandler                         0x080001b7   Thumb Code     0  startup_stm32f407xx.o(.text)
    FMC_IRQHandler                           0x080001b7   Thumb Code     0  startup_stm32f407xx.o(.text)
    FPU_IRQHandler                           0x080001b7   Thumb Code     0  startup_stm32f407xx.o(.text)
    HASH_RNG_IRQHandler                      0x080001b7   Thumb Code     0  startup_stm32f407xx.o(.text)
    I2C1_ER_IRQHandler                       0x080001b7   Thumb Code     0  startup_stm32f407xx.o(.text)
    I2C1_EV_IRQHandler                       0x080001b7   Thumb Code     0  startup_stm32f407xx.o(.text)
    I2C2_ER_IRQHandler                       0x080001b7   Thumb Code     0  startup_stm32f407xx.o(.text)
    I2C2_EV_IRQHandler                       0x080001b7   Thumb Code     0  startup_stm32f407xx.o(.text)
    I2C3_ER_IRQHandler                       0x080001b7   Thumb Code     0  startup_stm32f407xx.o(.text)
    I2C3_EV_IRQHandler                       0x080001b7   Thumb Code     0  startup_stm32f407xx.o(.text)
    OTG_FS_IRQHandler                        0x080001b7   Thumb Code     0  startup_stm32f407xx.o(.text)
    OTG_FS_WKUP_IRQHandler                   0x080001b7   Thumb Code     0  startup_stm32f407xx.o(.text)
    OTG_HS_EP1_IN_IRQHandler                 0x080001b7   Thumb Code     0  startup_stm32f407xx.o(.text)
    OTG_HS_EP1_OUT_IRQHandler                0x080001b7   Thumb Code     0  startup_stm32f407xx.o(.text)
    OTG_HS_IRQHandler                        0x080001b7   Thumb Code     0  startup_stm32f407xx.o(.text)
    OTG_HS_WKUP_IRQHandler                   0x080001b7   Thumb Code     0  startup_stm32f407xx.o(.text)
    PVD_IRQHandler                           0x080001b7   Thumb Code     0  startup_stm32f407xx.o(.text)
    RCC_IRQHandler                           0x080001b7   Thumb Code     0  startup_stm32f407xx.o(.text)
    RTC_Alarm_IRQHandler                     0x080001b7   Thumb Code     0  startup_stm32f407xx.o(.text)
    RTC_WKUP_IRQHandler                      0x080001b7   Thumb Code     0  startup_stm32f407xx.o(.text)
    SDIO_IRQHandler                          0x080001b7   Thumb Code     0  startup_stm32f407xx.o(.text)
    SPI1_IRQHandler                          0x080001b7   Thumb Code     0  startup_stm32f407xx.o(.text)
    SPI2_IRQHandler                          0x080001b7   Thumb Code     0  startup_stm32f407xx.o(.text)
    SPI3_IRQHandler                          0x080001b7   Thumb Code     0  startup_stm32f407xx.o(.text)
    TAMP_STAMP_IRQHandler                    0x080001b7   Thumb Code     0  startup_stm32f407xx.o(.text)
    TIM1_BRK_TIM9_IRQHandler                 0x080001b7   Thumb Code     0  startup_stm32f407xx.o(.text)
    TIM1_CC_IRQHandler                       0x080001b7   Thumb Code     0  startup_stm32f407xx.o(.text)
    TIM1_TRG_COM_TIM11_IRQHandler            0x080001b7   Thumb Code     0  startup_stm32f407xx.o(.text)
    TIM2_IRQHandler                          0x080001b7   Thumb Code     0  startup_stm32f407xx.o(.text)
    TIM3_IRQHandler                          0x080001b7   Thumb Code     0  startup_stm32f407xx.o(.text)
    TIM4_IRQHandler                          0x080001b7   Thumb Code     0  startup_stm32f407xx.o(.text)
    TIM5_IRQHandler                          0x080001b7   Thumb Code     0  startup_stm32f407xx.o(.text)
    TIM6_DAC_IRQHandler                      0x080001b7   Thumb Code     0  startup_stm32f407xx.o(.text)
    TIM7_IRQHandler                          0x080001b7   Thumb Code     0  startup_stm32f407xx.o(.text)
    TIM8_BRK_TIM12_IRQHandler                0x080001b7   Thumb Code     0  startup_stm32f407xx.o(.text)
    TIM8_CC_IRQHandler                       0x080001b7   Thumb Code     0  startup_stm32f407xx.o(.text)
    TIM8_TRG_COM_TIM14_IRQHandler            0x080001b7   Thumb Code     0  startup_stm32f407xx.o(.text)
    UART4_IRQHandler                         0x080001b7   Thumb Code     0  startup_stm32f407xx.o(.text)
    UART5_IRQHandler                         0x080001b7   Thumb Code     0  startup_stm32f407xx.o(.text)
    USART1_IRQHandler                        0x080001b7   Thumb Code     0  startup_stm32f407xx.o(.text)
    USART2_IRQHandler                        0x080001b7   Thumb Code     0  startup_stm32f407xx.o(.text)
    USART3_IRQHandler                        0x080001b7   Thumb Code     0  startup_stm32f407xx.o(.text)
    USART6_IRQHandler                        0x080001b7   Thumb Code     0  startup_stm32f407xx.o(.text)
    WWDG_IRQHandler                          0x080001b7   Thumb Code     0  startup_stm32f407xx.o(.text)
    arm_sin_cos_f32                          0x080001c1   Thumb Code   282  arm_sin_cos_f32.o(.text)
    __aeabi_uldivmod                         0x080002ed   Thumb Code    98  uldiv.o(.text)
    __aeabi_memset                           0x0800034f   Thumb Code    14  memseta.o(.text)
    __aeabi_memset4                          0x0800034f   Thumb Code     0  memseta.o(.text)
    __aeabi_memset8                          0x0800034f   Thumb Code     0  memseta.o(.text)
    __aeabi_memclr                           0x0800035d   Thumb Code     4  memseta.o(.text)
    __aeabi_memclr4                          0x0800035d   Thumb Code     0  memseta.o(.text)
    __aeabi_memclr8                          0x0800035d   Thumb Code     0  memseta.o(.text)
    _memset$wrapper                          0x08000361   Thumb Code    18  memseta.o(.text)
    __aeabi_dmul                             0x08000373   Thumb Code   228  dmul.o(.text)
    __aeabi_ddiv                             0x08000457   Thumb Code   222  ddiv.o(.text)
    __aeabi_i2d                              0x08000535   Thumb Code    34  dflti.o(.text)
    __aeabi_d2f                              0x08000557   Thumb Code    56  d2f.o(.text)
    __aeabi_llsl                             0x0800058f   Thumb Code    30  llshl.o(.text)
    _ll_shift_l                              0x0800058f   Thumb Code     0  llshl.o(.text)
    __aeabi_llsr                             0x080005ad   Thumb Code    32  llushr.o(.text)
    _ll_ushift_r                             0x080005ad   Thumb Code     0  llushr.o(.text)
    __I$use$fp                               0x080005cd   Thumb Code     0  iusefp.o(.text)
    _float_round                             0x080005cd   Thumb Code    18  fepilogue.o(.text)
    _float_epilogue                          0x080005df   Thumb Code    92  fepilogue.o(.text)
    _double_round                            0x0800063b   Thumb Code    30  depilogue.o(.text)
    _double_epilogue                         0x08000659   Thumb Code   156  depilogue.o(.text)
    __scatterload                            0x080006f5   Thumb Code    28  init.o(.text)
    __scatterload_rt2                        0x080006f5   Thumb Code     0  init.o(.text)
    ADC_IRQHandler                           0x080007a9   Thumb Code     6  stm32f4xx_it.o(i.ADC_IRQHandler)
    BusFault_Handler                         0x080008dd   Thumb Code     2  stm32f4xx_it.o(i.BusFault_Handler)
    Column_set                               0x080008df   Thumb Code    26  oled.o(i.Column_set)
    DMA2_Stream0_IRQHandler                  0x080008f9   Thumb Code     6  stm32f4xx_it.o(i.DMA2_Stream0_IRQHandler)
    DebugMon_Handler                         0x080009a9   Thumb Code     2  stm32f4xx_it.o(i.DebugMon_Handler)
    Error_Handler                            0x080009ab   Thumb Code     2  main.o(i.Error_Handler)
    HAL_ADCEx_InjectedConvCpltCallback       0x080009ad   Thumb Code     2  stm32f4xx_hal_adc_ex.o(i.HAL_ADCEx_InjectedConvCpltCallback)
    HAL_ADC_ConfigChannel                    0x080009b1   Thumb Code   316  stm32f4xx_hal_adc.o(i.HAL_ADC_ConfigChannel)
    HAL_ADC_ConvCpltCallback                 0x08000afd   Thumb Code     2  stm32f4xx_hal_adc.o(i.HAL_ADC_ConvCpltCallback)
    HAL_ADC_ConvHalfCpltCallback             0x08000aff   Thumb Code     2  stm32f4xx_hal_adc.o(i.HAL_ADC_ConvHalfCpltCallback)
    HAL_ADC_ErrorCallback                    0x08000b01   Thumb Code     2  stm32f4xx_hal_adc.o(i.HAL_ADC_ErrorCallback)
    HAL_ADC_IRQHandler                       0x08000b03   Thumb Code   316  stm32f4xx_hal_adc.o(i.HAL_ADC_IRQHandler)
    HAL_ADC_Init                             0x08000c3f   Thumb Code    84  stm32f4xx_hal_adc.o(i.HAL_ADC_Init)
    HAL_ADC_LevelOutOfWindowCallback         0x08000c93   Thumb Code     2  stm32f4xx_hal_adc.o(i.HAL_ADC_LevelOutOfWindowCallback)
    HAL_ADC_MspInit                          0x08000c95   Thumb Code   212  adc.o(i.HAL_ADC_MspInit)
    HAL_ADC_Start_DMA                        0x08000d85   Thumb Code   268  stm32f4xx_hal_adc.o(i.HAL_ADC_Start_DMA)
    HAL_DMA_IRQHandler                       0x08000eb5   Thumb Code   412  stm32f4xx_hal_dma.o(i.HAL_DMA_IRQHandler)
    HAL_DMA_Init                             0x08001055   Thumb Code   206  stm32f4xx_hal_dma.o(i.HAL_DMA_Init)
    HAL_DMA_Start_IT                         0x08001129   Thumb Code   110  stm32f4xx_hal_dma.o(i.HAL_DMA_Start_IT)
    HAL_Delay                                0x08001199   Thumb Code    32  stm32f4xx_hal.o(i.HAL_Delay)
    HAL_GPIO_Init                            0x080011bd   Thumb Code   394  stm32f4xx_hal_gpio.o(i.HAL_GPIO_Init)
    HAL_GPIO_WritePin                        0x08001375   Thumb Code    10  stm32f4xx_hal_gpio.o(i.HAL_GPIO_WritePin)
    HAL_GetTick                              0x08001381   Thumb Code     6  stm32f4xx_hal.o(i.HAL_GetTick)
    HAL_IncTick                              0x0800138d   Thumb Code    12  stm32f4xx_hal.o(i.HAL_IncTick)
    HAL_Init                                 0x0800139d   Thumb Code    48  stm32f4xx_hal.o(i.HAL_Init)
    HAL_InitTick                             0x080013d1   Thumb Code    54  stm32f4xx_hal.o(i.HAL_InitTick)
    HAL_MspInit                              0x08001411   Thumb Code    42  stm32f4xx_hal_msp.o(i.HAL_MspInit)
    HAL_NVIC_EnableIRQ                       0x08001441   Thumb Code    26  stm32f4xx_hal_cortex.o(i.HAL_NVIC_EnableIRQ)
    HAL_NVIC_SetPriority                     0x0800145d   Thumb Code    60  stm32f4xx_hal_cortex.o(i.HAL_NVIC_SetPriority)
    HAL_NVIC_SetPriorityGrouping             0x0800149d   Thumb Code    26  stm32f4xx_hal_cortex.o(i.HAL_NVIC_SetPriorityGrouping)
    HAL_RCC_ClockConfig                      0x080014c1   Thumb Code   288  stm32f4xx_hal_rcc.o(i.HAL_RCC_ClockConfig)
    HAL_RCC_GetSysClockFreq                  0x080015f5   Thumb Code    88  stm32f4xx_hal_rcc.o(i.HAL_RCC_GetSysClockFreq)
    HAL_RCC_OscConfig                        0x08001655   Thumb Code   840  stm32f4xx_hal_rcc.o(i.HAL_RCC_OscConfig)
    HAL_SYSTICK_Config                       0x080019b1   Thumb Code    40  stm32f4xx_hal_cortex.o(i.HAL_SYSTICK_Config)
    HAL_TIMEx_BreakCallback                  0x080019d9   Thumb Code     2  stm32f4xx_hal_tim_ex.o(i.HAL_TIMEx_BreakCallback)
    HAL_TIMEx_CommutCallback                 0x080019db   Thumb Code     2  stm32f4xx_hal_tim_ex.o(i.HAL_TIMEx_CommutCallback)
    HAL_TIMEx_ConfigBreakDeadTime            0x080019dd   Thumb Code    84  stm32f4xx_hal_tim_ex.o(i.HAL_TIMEx_ConfigBreakDeadTime)
    HAL_TIMEx_MasterConfigSynchronization    0x08001a31   Thumb Code   116  stm32f4xx_hal_tim_ex.o(i.HAL_TIMEx_MasterConfigSynchronization)
    HAL_TIMEx_PWMN_Start                     0x08001ac1   Thumb Code    46  stm32f4xx_hal_tim_ex.o(i.HAL_TIMEx_PWMN_Start)
    HAL_TIM_Base_Init                        0x08001aef   Thumb Code    54  stm32f4xx_hal_tim.o(i.HAL_TIM_Base_Init)
    HAL_TIM_Base_MspInit                     0x08001b25   Thumb Code    50  tim.o(i.HAL_TIM_Base_MspInit)
    HAL_TIM_Base_Start_IT                    0x08001b61   Thumb Code    34  stm32f4xx_hal_tim.o(i.HAL_TIM_Base_Start_IT)
    HAL_TIM_ConfigClockSource                0x08001b83   Thumb Code   214  stm32f4xx_hal_tim.o(i.HAL_TIM_ConfigClockSource)
    HAL_TIM_IC_CaptureCallback               0x08001c59   Thumb Code     2  stm32f4xx_hal_tim.o(i.HAL_TIM_IC_CaptureCallback)
    HAL_TIM_IRQHandler                       0x08001c5b   Thumb Code   358  stm32f4xx_hal_tim.o(i.HAL_TIM_IRQHandler)
    HAL_TIM_MspPostInit                      0x08001dc1   Thumb Code   222  tim.o(i.HAL_TIM_MspPostInit)
    HAL_TIM_OC_DelayElapsedCallback          0x08001ebd   Thumb Code     2  stm32f4xx_hal_tim.o(i.HAL_TIM_OC_DelayElapsedCallback)
    HAL_TIM_PWM_ConfigChannel                0x08001ebf   Thumb Code   208  stm32f4xx_hal_tim.o(i.HAL_TIM_PWM_ConfigChannel)
    HAL_TIM_PWM_Init                         0x08001f8f   Thumb Code    54  stm32f4xx_hal_tim.o(i.HAL_TIM_PWM_Init)
    HAL_TIM_PWM_MspInit                      0x08001fc5   Thumb Code    50  tim.o(i.HAL_TIM_PWM_MspInit)
    HAL_TIM_PWM_PulseFinishedCallback        0x08002001   Thumb Code     2  stm32f4xx_hal_tim.o(i.HAL_TIM_PWM_PulseFinishedCallback)
    HAL_TIM_PWM_Start                        0x08002005   Thumb Code    58  stm32f4xx_hal_tim.o(i.HAL_TIM_PWM_Start)
    HAL_TIM_PeriodElapsedCallback            0x08002049   Thumb Code   642  control.o(i.HAL_TIM_PeriodElapsedCallback)
    HAL_TIM_TriggerCallback                  0x08002309   Thumb Code     2  stm32f4xx_hal_tim.o(i.HAL_TIM_TriggerCallback)
    HardFault_Handler                        0x0800230b   Thumb Code     2  stm32f4xx_it.o(i.HardFault_Handler)
    IIC_Init                                 0x0800230d   Thumb Code    14  soft_iic.o(i.IIC_Init)
    IIC_Send_Byte                            0x08002321   Thumb Code    86  soft_iic.o(i.IIC_Send_Byte)
    IIC_Start                                0x08002381   Thumb Code    56  soft_iic.o(i.IIC_Start)
    IIC_Stop                                 0x080023c1   Thumb Code    56  soft_iic.o(i.IIC_Stop)
    IIC_Wait_Ack                             0x08002401   Thumb Code    74  soft_iic.o(i.IIC_Wait_Ack)
    MX_ADC1_Init                             0x08002455   Thumb Code   230  adc.o(i.MX_ADC1_Init)
    MX_DMA_Init                              0x08002549   Thumb Code    40  dma.o(i.MX_DMA_Init)
    MX_GPIO_Init                             0x08002575   Thumb Code   198  gpio.o(i.MX_GPIO_Init)
    MX_TIM1_Init                             0x0800264d   Thumb Code   196  tim.o(i.MX_TIM1_Init)
    MX_TIM8_Init                             0x08002719   Thumb Code   188  tim.o(i.MX_TIM8_Init)
    MemManage_Handler                        0x080027dd   Thumb Code     2  stm32f4xx_it.o(i.MemManage_Handler)
    NMI_Handler                              0x080027df   Thumb Code     2  stm32f4xx_it.o(i.NMI_Handler)
    OLED_Clear                               0x080027e1   Thumb Code    40  oled.o(i.OLED_Clear)
    OLED_DrawPoint                           0x0800280d   Thumb Code    44  oled.o(i.OLED_DrawPoint)
    OLED_Init                                0x0800283d   Thumb Code    26  oled.o(i.OLED_Init)
    OLED_Refresh_Gram                        0x0800285d   Thumb Code    48  oled.o(i.OLED_Refresh_Gram)
    OLED_ShowChar                            0x08002891   Thumb Code   168  oled.o(i.OLED_ShowChar)
    OLED_ShowString                          0x08002945   Thumb Code    86  oled.o(i.OLED_ShowString)
    OLED_send_cmd                            0x0800299b   Thumb Code    46  oled.o(i.OLED_send_cmd)
    OLED_send_data                           0x080029c9   Thumb Code    46  oled.o(i.OLED_send_data)
    PID_init                                 0x080029f9   Thumb Code    92  pid.o(i.PID_init)
    Page_set                                 0x08002a59   Thumb Code     8  oled.o(i.Page_set)
    PendSV_Handler                           0x08002a61   Thumb Code     2  stm32f4xx_it.o(i.PendSV_Handler)
    SVC_Handler                              0x08002a63   Thumb Code     2  stm32f4xx_it.o(i.SVC_Handler)
    Starttime                                0x08002a65   Thumb Code    96  control.o(i.Starttime)
    Svpwm_Set_t                              0x08002ad9   Thumb Code    80  control.o(i.Svpwm_Set_t)
    SysTick_Handler                          0x08002b31   Thumb Code     4  stm32f4xx_it.o(i.SysTick_Handler)
    SystemClock_Config                       0x08002b35   Thumb Code   122  main.o(i.SystemClock_Config)
    SystemInit                               0x08002bb9   Thumb Code    22  system_stm32f4xx.o(i.SystemInit)
    TIM1_UP_TIM10_IRQHandler                 0x08002bd5   Thumb Code     6  stm32f4xx_it.o(i.TIM1_UP_TIM10_IRQHandler)
    TIM8_UP_TIM13_IRQHandler                 0x08002be1   Thumb Code     6  stm32f4xx_it.o(i.TIM8_UP_TIM13_IRQHandler)
    TIM_Base_SetConfig                       0x08002bed   Thumb Code   156  stm32f4xx_hal_tim.o(i.TIM_Base_SetConfig)
    TIM_CCxChannelCmd                        0x08002cb5   Thumb Code    26  stm32f4xx_hal_tim.o(i.TIM_CCxChannelCmd)
    TIM_ETR_SetConfig                        0x08002ce9   Thumb Code    20  stm32f4xx_hal_tim.o(i.TIM_ETR_SetConfig)
    TIM_OC2_SetConfig                        0x08002d6d   Thumb Code    98  stm32f4xx_hal_tim.o(i.TIM_OC2_SetConfig)
    UsageFault_Handler                       0x08002ed7   Thumb Code     2  stm32f4xx_it.o(i.UsageFault_Handler)
    __ARM_fpclassifyf                        0x08002ed9   Thumb Code    38  fpclassifyf.o(i.__ARM_fpclassifyf)
    __hardfp_atanf                           0x08002f21   Thumb Code   296  atanf.o(i.__hardfp_atanf)
    __mathlib_flt_infnan                     0x08003081   Thumb Code     6  funder.o(i.__mathlib_flt_infnan)
    __mathlib_flt_underflow                  0x08003089   Thumb Code    10  funder.o(i.__mathlib_flt_underflow)
    __scatterload_copy                       0x08003099   Thumb Code    14  handlers.o(i.__scatterload_copy)
    __scatterload_null                       0x080030a7   Thumb Code     2  handlers.o(i.__scatterload_null)
    __scatterload_zeroinit                   0x080030a9   Thumb Code    14  handlers.o(i.__scatterload_zeroinit)
    clarke_calc                              0x080030b9   Thumb Code    54  foc1.o(i.clarke_calc)
    delay_us                                 0x080030f9   Thumb Code    48  delay.o(i.delay_us)
    ipark_calc                               0x0800312d   Thumb Code    66  foc1.o(i.ipark_calc)
    lowV                                     0x08003171   Thumb Code    46  control.o(i.lowV)
    main                                     0x080031ad   Thumb Code    88  main.o(i.main)
    park_calc                                0x08003219   Thumb Code    58  foc1.o(i.park_calc)
    pid_param_init                           0x08003255   Thumb Code   178  control.o(i.pid_param_init)
    svgendq_calc                             0x08003321   Thumb Code   638  foc1.o(i.svgendq_calc)
    AHBPrescTable                            0x080035b8   Data          16  system_stm32f4xx.o(.constdata)
    PID1_Vd                                  0x080035c8   Data          12  control.o(.constdata)
    PID1_Vq                                  0x080035d4   Data          12  control.o(.constdata)
    PID1_Id                                  0x080035e0   Data          12  control.o(.constdata)
    PID1_Iq                                  0x080035ec   Data          12  control.o(.constdata)
    PID_UP                                   0x080035f8   Data          12  control.o(.constdata)
    PID_UO                                   0x08003604   Data          12  control.o(.constdata)
    asc2_1206                                0x08003670   Data        1140  oled.o(.constdata)
    asc2_1608                                0x08003ae4   Data        1520  oled.o(.constdata)
    asc2_2412                                0x080040d4   Data        3420  oled.o(.constdata)
    OLED_init_cmd                            0x08004e30   Data          25  oled.o(.constdata)
    sinTable_f32                             0x08004e4c   Data        2052  arm_common_tables.o(.constdata)
    Region$$Table$$Base                      0x08005650   Number         0  anon$$obj.o(Region$$Table)
    Region$$Table$$Limit                     0x08005670   Number         0  anon$$obj.o(Region$$Table)
    uwTickFreq                               0x20000000   Data           1  stm32f4xx_hal.o(.data)
    uwTickPrio                               0x20000004   Data           4  stm32f4xx_hal.o(.data)
    uwTick                                   0x20000008   Data           4  stm32f4xx_hal.o(.data)
    SystemCoreClock                          0x2000000c   Data           4  system_stm32f4xx.o(.data)
    pwm_max                                  0x20000010   Data           4  control.o(.data)
    U_DCP                                    0x20000014   Data           4  control.o(.data)
    U_DCP_sum                                0x20000018   Data           4  control.o(.data)
    Vpi                                      0x2000001c   Data           4  control.o(.data)
    hadc1                                    0x20000034   Data          72  adc.o(.bss)
    hdma_adc1                                0x2000007c   Data          96  adc.o(.bss)
    htim1                                    0x200000dc   Data          64  tim.o(.bss)
    htim8                                    0x2000011c   Data          64  tim.o(.bss)
    Uin                                      0x2000015c   Data          12  control.o(.bss)
    Iin                                      0x20000168   Data          12  control.o(.bss)
    pid1_Vq                                  0x20000174   Data          76  control.o(.bss)
    pid1_Id                                  0x200001c0   Data          76  control.o(.bss)
    pid1_Vd                                  0x2000020c   Data          76  control.o(.bss)
    pid1_Iq                                  0x20000258   Data          76  control.o(.bss)
    pid_up                                   0x200002a4   Data          76  control.o(.bss)
    pid_uo                                   0x200002f0   Data          76  control.o(.bss)
    Adc_Samp                                 0x2000033c   Data          16  control.o(.bss)
    clarke                                   0x2000034c   Data          24  control.o(.bss)
    clarke_I                                 0x20000364   Data          24  control.o(.bss)
    park                                     0x2000037c   Data          24  control.o(.bss)
    park_I                                   0x20000394   Data          24  control.o(.bss)
    ipark                                    0x200003ac   Data          24  control.o(.bss)
    ipark_I                                  0x200003c4   Data          24  control.o(.bss)
    SV_dq_I                                  0x200003dc   Data          40  control.o(.bss)
    OLED_GRAM                                0x20000404   Data        1024  oled.o(.bss)
    __initial_sp                             0x20002808   Data           0  startup_stm32f407xx.o(STACK)



==============================================================================

Memory Map of the image

  Image Entry point : 0x08000189

  Load Region LR_IROM1 (Base: 0x08000000, Size: 0x000056a4, Max: 0x00080000, ABSOLUTE)

    Execution Region ER_IROM1 (Exec base: 0x08000000, Load base: 0x08000000, Size: 0x00005670, Max: 0x00080000, ABSOLUTE)

    Exec Addr    Load Addr    Size         Type   Attr      Idx    E Section Name        Object

    0x08000000   0x08000000   0x00000188   Data   RO            3    RESET               startup_stm32f407xx.o
    0x08000188   0x08000188   0x00000000   Code   RO         3503  * .ARM.Collect$$$$00000000  mc_w.l(entry.o)
    0x08000188   0x08000188   0x00000004   Code   RO         3534    .ARM.Collect$$$$00000001  mc_w.l(entry2.o)
    0x0800018c   0x0800018c   0x00000004   Code   RO         3537    .ARM.Collect$$$$00000004  mc_w.l(entry5.o)
    0x08000190   0x08000190   0x00000000   Code   RO         3539    .ARM.Collect$$$$00000008  mc_w.l(entry7b.o)
    0x08000190   0x08000190   0x00000000   Code   RO         3541    .ARM.Collect$$$$0000000A  mc_w.l(entry8b.o)
    0x08000190   0x08000190   0x00000008   Code   RO         3542    .ARM.Collect$$$$0000000B  mc_w.l(entry9a.o)
    0x08000198   0x08000198   0x00000000   Code   RO         3544    .ARM.Collect$$$$0000000D  mc_w.l(entry10a.o)
    0x08000198   0x08000198   0x00000000   Code   RO         3546    .ARM.Collect$$$$0000000F  mc_w.l(entry11a.o)
    0x08000198   0x08000198   0x00000004   Code   RO         3535    .ARM.Collect$$$$00002712  mc_w.l(entry2.o)
    0x0800019c   0x0800019c   0x00000024   Code   RO            4    .text               startup_stm32f407xx.o
    0x080001c0   0x080001c0   0x0000012c   Code   RO         3362    .text               arm_cortexM4lf_math.lib(arm_sin_cos_f32.o)
    0x080002ec   0x080002ec   0x00000062   Code   RO         3506    .text               mc_w.l(uldiv.o)
    0x0800034e   0x0800034e   0x00000024   Code   RO         3508    .text               mc_w.l(memseta.o)
    0x08000372   0x08000372   0x000000e4   Code   RO         3510    .text               mf_w.l(dmul.o)
    0x08000456   0x08000456   0x000000de   Code   RO         3512    .text               mf_w.l(ddiv.o)
    0x08000534   0x08000534   0x00000022   Code   RO         3514    .text               mf_w.l(dflti.o)
    0x08000556   0x08000556   0x00000038   Code   RO         3516    .text               mf_w.l(d2f.o)
    0x0800058e   0x0800058e   0x0000001e   Code   RO         3548    .text               mc_w.l(llshl.o)
    0x080005ac   0x080005ac   0x00000020   Code   RO         3550    .text               mc_w.l(llushr.o)
    0x080005cc   0x080005cc   0x00000000   Code   RO         3552    .text               mc_w.l(iusefp.o)
    0x080005cc   0x080005cc   0x0000006e   Code   RO         3553    .text               mf_w.l(fepilogue.o)
    0x0800063a   0x0800063a   0x000000ba   Code   RO         3555    .text               mf_w.l(depilogue.o)
    0x080006f4   0x080006f4   0x00000024   Code   RO         3557    .text               mc_w.l(init.o)
    0x08000718   0x08000718   0x0000006e   Code   RO          486    i.ADC_DMAConvCplt   stm32f4xx_hal_adc.o
    0x08000786   0x08000786   0x00000016   Code   RO          487    i.ADC_DMAError      stm32f4xx_hal_adc.o
    0x0800079c   0x0800079c   0x0000000a   Code   RO          488    i.ADC_DMAHalfConvCplt  stm32f4xx_hal_adc.o
    0x080007a6   0x080007a6   0x00000002   PAD
    0x080007a8   0x080007a8   0x0000000c   Code   RO          362    i.ADC_IRQHandler    stm32f4xx_it.o
    0x080007b4   0x080007b4   0x00000128   Code   RO          489    i.ADC_Init          stm32f4xx_hal_adc.o
    0x080008dc   0x080008dc   0x00000002   Code   RO          363    i.BusFault_Handler  stm32f4xx_it.o
    0x080008de   0x080008de   0x0000001a   Code   RO         3255    i.Column_set        oled.o
    0x080008f8   0x080008f8   0x0000000c   Code   RO          364    i.DMA2_Stream0_IRQHandler  stm32f4xx_it.o
    0x08000904   0x08000904   0x00000028   Code   RO         1220    i.DMA_CalcBaseAndBitshift  stm32f4xx_hal_dma.o
    0x0800092c   0x0800092c   0x00000054   Code   RO         1221    i.DMA_CheckFifoParam  stm32f4xx_hal_dma.o
    0x08000980   0x08000980   0x00000028   Code   RO         1222    i.DMA_SetConfig     stm32f4xx_hal_dma.o
    0x080009a8   0x080009a8   0x00000002   Code   RO          365    i.DebugMon_Handler  stm32f4xx_it.o
    0x080009aa   0x080009aa   0x00000002   Code   RO           13    i.Error_Handler     main.o
    0x080009ac   0x080009ac   0x00000002   Code   RO          660    i.HAL_ADCEx_InjectedConvCpltCallback  stm32f4xx_hal_adc_ex.o
    0x080009ae   0x080009ae   0x00000002   PAD
    0x080009b0   0x080009b0   0x0000014c   Code   RO          491    i.HAL_ADC_ConfigChannel  stm32f4xx_hal_adc.o
    0x08000afc   0x08000afc   0x00000002   Code   RO          492    i.HAL_ADC_ConvCpltCallback  stm32f4xx_hal_adc.o
    0x08000afe   0x08000afe   0x00000002   Code   RO          493    i.HAL_ADC_ConvHalfCpltCallback  stm32f4xx_hal_adc.o
    0x08000b00   0x08000b00   0x00000002   Code   RO          495    i.HAL_ADC_ErrorCallback  stm32f4xx_hal_adc.o
    0x08000b02   0x08000b02   0x0000013c   Code   RO          499    i.HAL_ADC_IRQHandler  stm32f4xx_hal_adc.o
    0x08000c3e   0x08000c3e   0x00000054   Code   RO          500    i.HAL_ADC_Init      stm32f4xx_hal_adc.o
    0x08000c92   0x08000c92   0x00000002   Code   RO          501    i.HAL_ADC_LevelOutOfWindowCallback  stm32f4xx_hal_adc.o
    0x08000c94   0x08000c94   0x000000f0   Code   RO          231    i.HAL_ADC_MspInit   adc.o
    0x08000d84   0x08000d84   0x00000130   Code   RO          507    i.HAL_ADC_Start_DMA  stm32f4xx_hal_adc.o
    0x08000eb4   0x08000eb4   0x000001a0   Code   RO         1228    i.HAL_DMA_IRQHandler  stm32f4xx_hal_dma.o
    0x08001054   0x08001054   0x000000d4   Code   RO         1229    i.HAL_DMA_Init      stm32f4xx_hal_dma.o
    0x08001128   0x08001128   0x0000006e   Code   RO         1233    i.HAL_DMA_Start_IT  stm32f4xx_hal_dma.o
    0x08001196   0x08001196   0x00000002   PAD
    0x08001198   0x08001198   0x00000024   Code   RO         1642    i.HAL_Delay         stm32f4xx_hal.o
    0x080011bc   0x080011bc   0x000001b8   Code   RO         1116    i.HAL_GPIO_Init     stm32f4xx_hal_gpio.o
    0x08001374   0x08001374   0x0000000a   Code   RO         1120    i.HAL_GPIO_WritePin  stm32f4xx_hal_gpio.o
    0x0800137e   0x0800137e   0x00000002   PAD
    0x08001380   0x08001380   0x0000000c   Code   RO         1648    i.HAL_GetTick       stm32f4xx_hal.o
    0x0800138c   0x0800138c   0x00000010   Code   RO         1654    i.HAL_IncTick       stm32f4xx_hal.o
    0x0800139c   0x0800139c   0x00000034   Code   RO         1655    i.HAL_Init          stm32f4xx_hal.o
    0x080013d0   0x080013d0   0x00000040   Code   RO         1656    i.HAL_InitTick      stm32f4xx_hal.o
    0x08001410   0x08001410   0x00000030   Code   RO          462    i.HAL_MspInit       stm32f4xx_hal_msp.o
    0x08001440   0x08001440   0x0000001a   Code   RO         1505    i.HAL_NVIC_EnableIRQ  stm32f4xx_hal_cortex.o
    0x0800145a   0x0800145a   0x00000002   PAD
    0x0800145c   0x0800145c   0x00000040   Code   RO         1511    i.HAL_NVIC_SetPriority  stm32f4xx_hal_cortex.o
    0x0800149c   0x0800149c   0x00000024   Code   RO         1512    i.HAL_NVIC_SetPriorityGrouping  stm32f4xx_hal_cortex.o
    0x080014c0   0x080014c0   0x00000134   Code   RO          762    i.HAL_RCC_ClockConfig  stm32f4xx_hal_rcc.o
    0x080015f4   0x080015f4   0x00000060   Code   RO          771    i.HAL_RCC_GetSysClockFreq  stm32f4xx_hal_rcc.o
    0x08001654   0x08001654   0x0000035c   Code   RO          774    i.HAL_RCC_OscConfig  stm32f4xx_hal_rcc.o
    0x080019b0   0x080019b0   0x00000028   Code   RO         1516    i.HAL_SYSTICK_Config  stm32f4xx_hal_cortex.o
    0x080019d8   0x080019d8   0x00000002   Code   RO         2570    i.HAL_TIMEx_BreakCallback  stm32f4xx_hal_tim_ex.o
    0x080019da   0x080019da   0x00000002   Code   RO         2571    i.HAL_TIMEx_CommutCallback  stm32f4xx_hal_tim_ex.o
    0x080019dc   0x080019dc   0x00000054   Code   RO         2573    i.HAL_TIMEx_ConfigBreakDeadTime  stm32f4xx_hal_tim_ex.o
    0x08001a30   0x08001a30   0x00000090   Code   RO         2588    i.HAL_TIMEx_MasterConfigSynchronization  stm32f4xx_hal_tim_ex.o
    0x08001ac0   0x08001ac0   0x0000002e   Code   RO         2599    i.HAL_TIMEx_PWMN_Start  stm32f4xx_hal_tim_ex.o
    0x08001aee   0x08001aee   0x00000036   Code   RO         1895    i.HAL_TIM_Base_Init  stm32f4xx_hal_tim.o
    0x08001b24   0x08001b24   0x0000003c   Code   RO          297    i.HAL_TIM_Base_MspInit  tim.o
    0x08001b60   0x08001b60   0x00000022   Code   RO         1900    i.HAL_TIM_Base_Start_IT  stm32f4xx_hal_tim.o
    0x08001b82   0x08001b82   0x000000d6   Code   RO         1904    i.HAL_TIM_ConfigClockSource  stm32f4xx_hal_tim.o
    0x08001c58   0x08001c58   0x00000002   Code   RO         1924    i.HAL_TIM_IC_CaptureCallback  stm32f4xx_hal_tim.o
    0x08001c5a   0x08001c5a   0x00000166   Code   RO         1938    i.HAL_TIM_IRQHandler  stm32f4xx_hal_tim.o
    0x08001dc0   0x08001dc0   0x000000fc   Code   RO          298    i.HAL_TIM_MspPostInit  tim.o
    0x08001ebc   0x08001ebc   0x00000002   Code   RO         1941    i.HAL_TIM_OC_DelayElapsedCallback  stm32f4xx_hal_tim.o
    0x08001ebe   0x08001ebe   0x000000d0   Code   RO         1962    i.HAL_TIM_PWM_ConfigChannel  stm32f4xx_hal_tim.o
    0x08001f8e   0x08001f8e   0x00000036   Code   RO         1965    i.HAL_TIM_PWM_Init  stm32f4xx_hal_tim.o
    0x08001fc4   0x08001fc4   0x0000003c   Code   RO          300    i.HAL_TIM_PWM_MspInit  tim.o
    0x08002000   0x08002000   0x00000002   Code   RO         1968    i.HAL_TIM_PWM_PulseFinishedCallback  stm32f4xx_hal_tim.o
    0x08002002   0x08002002   0x00000002   PAD
    0x08002004   0x08002004   0x00000044   Code   RO         1970    i.HAL_TIM_PWM_Start  stm32f4xx_hal_tim.o
    0x08002048   0x08002048   0x000002c0   Code   RO         2859    i.HAL_TIM_PeriodElapsedCallback  control.o
    0x08002308   0x08002308   0x00000002   Code   RO         1981    i.HAL_TIM_TriggerCallback  stm32f4xx_hal_tim.o
    0x0800230a   0x0800230a   0x00000002   Code   RO          366    i.HardFault_Handler  stm32f4xx_it.o
    0x0800230c   0x0800230c   0x00000014   Code   RO         3187    i.IIC_Init          soft_iic.o
    0x08002320   0x08002320   0x00000060   Code   RO         3190    i.IIC_Send_Byte     soft_iic.o
    0x08002380   0x08002380   0x00000040   Code   RO         3191    i.IIC_Start         soft_iic.o
    0x080023c0   0x080023c0   0x00000040   Code   RO         3192    i.IIC_Stop          soft_iic.o
    0x08002400   0x08002400   0x00000054   Code   RO         3193    i.IIC_Wait_Ack      soft_iic.o
    0x08002454   0x08002454   0x000000f4   Code   RO          232    i.MX_ADC1_Init      adc.o
    0x08002548   0x08002548   0x0000002c   Code   RO          272    i.MX_DMA_Init       dma.o
    0x08002574   0x08002574   0x000000d8   Code   RO          206    i.MX_GPIO_Init      gpio.o
    0x0800264c   0x0800264c   0x000000cc   Code   RO          301    i.MX_TIM1_Init      tim.o
    0x08002718   0x08002718   0x000000c4   Code   RO          302    i.MX_TIM8_Init      tim.o
    0x080027dc   0x080027dc   0x00000002   Code   RO          367    i.MemManage_Handler  stm32f4xx_it.o
    0x080027de   0x080027de   0x00000002   Code   RO          368    i.NMI_Handler       stm32f4xx_it.o
    0x080027e0   0x080027e0   0x0000002c   Code   RO         3256    i.OLED_Clear        oled.o
    0x0800280c   0x0800280c   0x00000030   Code   RO         3257    i.OLED_DrawPoint    oled.o
    0x0800283c   0x0800283c   0x00000020   Code   RO         3259    i.OLED_Init         oled.o
    0x0800285c   0x0800285c   0x00000034   Code   RO         3260    i.OLED_Refresh_Gram  oled.o
    0x08002890   0x08002890   0x000000b4   Code   RO         3261    i.OLED_ShowChar     oled.o
    0x08002944   0x08002944   0x00000056   Code   RO         3264    i.OLED_ShowString   oled.o
    0x0800299a   0x0800299a   0x0000002e   Code   RO         3265    i.OLED_send_cmd     oled.o
    0x080029c8   0x080029c8   0x0000002e   Code   RO         3266    i.OLED_send_data    oled.o
    0x080029f6   0x080029f6   0x00000002   PAD
    0x080029f8   0x080029f8   0x00000060   Code   RO         2999    i.PID_init          pid.o
    0x08002a58   0x08002a58   0x00000008   Code   RO         3267    i.Page_set          oled.o
    0x08002a60   0x08002a60   0x00000002   Code   RO          369    i.PendSV_Handler    stm32f4xx_it.o
    0x08002a62   0x08002a62   0x00000002   Code   RO          370    i.SVC_Handler       stm32f4xx_it.o
    0x08002a64   0x08002a64   0x00000074   Code   RO         2861    i.Starttime         control.o
    0x08002ad8   0x08002ad8   0x00000058   Code   RO         2862    i.Svpwm_Set_t       control.o
    0x08002b30   0x08002b30   0x00000004   Code   RO          371    i.SysTick_Handler   stm32f4xx_it.o
    0x08002b34   0x08002b34   0x00000084   Code   RO           14    i.SystemClock_Config  main.o
    0x08002bb8   0x08002bb8   0x0000001c   Code   RO         2822    i.SystemInit        system_stm32f4xx.o
    0x08002bd4   0x08002bd4   0x0000000c   Code   RO          372    i.TIM1_UP_TIM10_IRQHandler  stm32f4xx_it.o
    0x08002be0   0x08002be0   0x0000000c   Code   RO          373    i.TIM8_UP_TIM13_IRQHandler  stm32f4xx_it.o
    0x08002bec   0x08002bec   0x000000c8   Code   RO         1983    i.TIM_Base_SetConfig  stm32f4xx_hal_tim.o
    0x08002cb4   0x08002cb4   0x0000001a   Code   RO         1984    i.TIM_CCxChannelCmd  stm32f4xx_hal_tim.o
    0x08002cce   0x08002cce   0x0000001a   Code   RO         2608    i.TIM_CCxNChannelCmd  stm32f4xx_hal_tim_ex.o
    0x08002ce8   0x08002ce8   0x00000014   Code   RO         1994    i.TIM_ETR_SetConfig  stm32f4xx_hal_tim.o
    0x08002cfc   0x08002cfc   0x00000010   Code   RO         1995    i.TIM_ITRx_SetConfig  stm32f4xx_hal_tim.o
    0x08002d0c   0x08002d0c   0x00000060   Code   RO         1996    i.TIM_OC1_SetConfig  stm32f4xx_hal_tim.o
    0x08002d6c   0x08002d6c   0x0000006c   Code   RO         1997    i.TIM_OC2_SetConfig  stm32f4xx_hal_tim.o
    0x08002dd8   0x08002dd8   0x00000068   Code   RO         1998    i.TIM_OC3_SetConfig  stm32f4xx_hal_tim.o
    0x08002e40   0x08002e40   0x00000050   Code   RO         1999    i.TIM_OC4_SetConfig  stm32f4xx_hal_tim.o
    0x08002e90   0x08002e90   0x00000022   Code   RO         2001    i.TIM_TI1_ConfigInputStage  stm32f4xx_hal_tim.o
    0x08002eb2   0x08002eb2   0x00000024   Code   RO         2003    i.TIM_TI2_ConfigInputStage  stm32f4xx_hal_tim.o
    0x08002ed6   0x08002ed6   0x00000002   Code   RO          374    i.UsageFault_Handler  stm32f4xx_it.o
    0x08002ed8   0x08002ed8   0x00000026   Code   RO         3518    i.__ARM_fpclassifyf  m_wm.l(fpclassifyf.o)
    0x08002efe   0x08002efe   0x00000020   Code   RO         1518    i.__NVIC_SetPriority  stm32f4xx_hal_cortex.o
    0x08002f1e   0x08002f1e   0x00000002   PAD
    0x08002f20   0x08002f20   0x00000160   Code   RO         3491    i.__hardfp_atanf    m_wm.l(atanf.o)
    0x08003080   0x08003080   0x00000006   Code   RO         3521    i.__mathlib_flt_infnan  m_wm.l(funder.o)
    0x08003086   0x08003086   0x00000002   PAD
    0x08003088   0x08003088   0x00000010   Code   RO         3526    i.__mathlib_flt_underflow  m_wm.l(funder.o)
    0x08003098   0x08003098   0x0000000e   Code   RO         3561    i.__scatterload_copy  mc_w.l(handlers.o)
    0x080030a6   0x080030a6   0x00000002   Code   RO         3562    i.__scatterload_null  mc_w.l(handlers.o)
    0x080030a8   0x080030a8   0x0000000e   Code   RO         3563    i.__scatterload_zeroinit  mc_w.l(handlers.o)
    0x080030b6   0x080030b6   0x00000002   PAD
    0x080030b8   0x080030b8   0x00000040   Code   RO         3133    i.clarke_calc       foc1.o
    0x080030f8   0x080030f8   0x00000034   Code   RO         2955    i.delay_us          delay.o
    0x0800312c   0x0800312c   0x00000042   Code   RO         3135    i.ipark_calc        foc1.o
    0x0800316e   0x0800316e   0x00000002   PAD
    0x08003170   0x08003170   0x0000003c   Code   RO         2865    i.lowV              control.o
    0x080031ac   0x080031ac   0x0000006c   Code   RO           15    i.main              main.o
    0x08003218   0x08003218   0x0000003a   Code   RO         3136    i.park_calc         foc1.o
    0x08003252   0x08003252   0x00000002   PAD
    0x08003254   0x08003254   0x000000cc   Code   RO         2866    i.pid_param_init    control.o
    0x08003320   0x08003320   0x00000290   Code   RO         3137    i.svgendq_calc      foc1.o
    0x080035b0   0x080035b0   0x00000008   Data   RO         1235    .constdata          stm32f4xx_hal_dma.o
    0x080035b8   0x080035b8   0x00000010   Data   RO         2823    .constdata          system_stm32f4xx.o
    0x080035c8   0x080035c8   0x00000048   Data   RO         2872    .constdata          control.o
    0x08003610   0x08003610   0x00000060   Data   RO         3138    .constdata          foc1.o
    0x08003670   0x08003670   0x000017d9   Data   RO         3270    .constdata          oled.o
    0x08004e49   0x08004e49   0x00000003   PAD
    0x08004e4c   0x08004e4c   0x00000804   Data   RO         3468    .constdata          arm_cortexM4lf_math.lib(arm_common_tables.o)
    0x08005650   0x08005650   0x00000020   Data   RO         3559    Region$$Table       anon$$obj.o


    Execution Region RW_IRAM2 (Exec base: 0x10000000, Load base: 0x080056a4, Size: 0x00000000, Max: 0x00010000, ABSOLUTE)

    **** No section assigned to this execution region ****


    Execution Region RW_IRAM1 (Exec base: 0x20000000, Load base: 0x08005670, Size: 0x00002808, Max: 0x00020000, ABSOLUTE)

    Exec Addr    Load Addr    Size         Type   Attr      Idx    E Section Name        Object

    0x20000000   0x08005670   0x0000000c   Data   RW         1662    .data               stm32f4xx_hal.o
    0x2000000c   0x0800567c   0x00000004   Data   RW         2825    .data               system_stm32f4xx.o
    0x20000010   0x08005680   0x00000020   Data   RW         2879    .data               control.o
    0x20000030   0x080056a0   0x00000004   Data   RW         2956    .data               delay.o
    0x20000034        -       0x000000a8   Zero   RW          233    .bss                adc.o
    0x200000dc        -       0x00000080   Zero   RW          303    .bss                tim.o
    0x2000015c        -       0x000002a8   Zero   RW         2867    .bss                control.o
    0x20000404        -       0x00000400   Zero   RW         3269    .bss                oled.o
    0x20000804   0x080056a4   0x00000004   PAD
    0x20000808        -       0x00002000   Zero   RW            1    STACK               startup_stm32f407xx.o


==============================================================================

Image component sizes


      Code (inc. data)   RO Data    RW Data    ZI Data      Debug   Object Name

       484         42          0          0        168       1979   adc.o
      1172        130         72         32        680       6864   control.o
        52          4          0          4          0        827   delay.o
        44          4          0          0          0        774   dma.o
       844         28         96          0          0       4880   foc1.o
       216         18          0          0          0       1055   gpio.o
       242         30          0          0          0     703251   main.o
       568         30       6105          0       1024       7383   oled.o
        96          4          0          0          0       2355   pid.o
       328         42          0          0          0       2713   soft_iic.o
        36          8        392          0       8192        836   startup_stm32f407xx.o
       180         28          0         12          0       9409   stm32f4xx_hal.o
      1482         64          0          0          0       8869   stm32f4xx_hal_adc.o
         2          0          0          0          0        985   stm32f4xx_hal_adc_ex.o
       198         14          0          0          0      33939   stm32f4xx_hal_cortex.o
       902         16          8          0          0       5803   stm32f4xx_hal_dma.o
       450         46          0          0          0       2396   stm32f4xx_hal_gpio.o
        48          6          0          0          0        854   stm32f4xx_hal_msp.o
      1264         48          0          0          0       4038   stm32f4xx_hal_rcc.o
      1718         90          0          0          0      15960   stm32f4xx_hal_tim.o
       304         28          0          0          0       4604   stm32f4xx_hal_tim_ex.o
        68         24          0          0          0       6071   stm32f4xx_it.o
        28          6         16          4          0       1155   system_stm32f4xx.o
       772         66          0          0        128       4023   tim.o

    ----------------------------------------------------------------------
     11518        776       6724         52      10196     831023   Object Totals
         0          0         32          0          0          0   (incl. Generated)
        20          0          3          0          4          0   (incl. Padding)

    ----------------------------------------------------------------------

      Code (inc. data)   RO Data    RW Data    ZI Data      Debug   Library Member Name

         0          0       2052          0          0       4704   arm_common_tables.o
       300         18          0          0          0      17398   arm_sin_cos_f32.o
       352         56          0          0          0        172   atanf.o
        38          0          0          0          0        116   fpclassifyf.o
        22          6          0          0          0        232   funder.o
         0          0          0          0          0          0   entry.o
         0          0          0          0          0          0   entry10a.o
         0          0          0          0          0          0   entry11a.o
         8          4          0          0          0          0   entry2.o
         4          0          0          0          0          0   entry5.o
         0          0          0          0          0          0   entry7b.o
         0          0          0          0          0          0   entry8b.o
         8          4          0          0          0          0   entry9a.o
        30          0          0          0          0          0   handlers.o
        36          8          0          0          0         68   init.o
         0          0          0          0          0          0   iusefp.o
        30          0          0          0          0         68   llshl.o
        32          0          0          0          0         68   llushr.o
        36          0          0          0          0        108   memseta.o
        98          0          0          0          0         92   uldiv.o
        56          0          0          0          0         88   d2f.o
       222          0          0          0          0        100   ddiv.o
       186          0          0          0          0        176   depilogue.o
        34          0          0          0          0         76   dflti.o
       228          0          0          0          0         96   dmul.o
       110          0          0          0          0        168   fepilogue.o

    ----------------------------------------------------------------------
      1834         96       2052          0          0      23730   Library Totals
         4          0          0          0          0          0   (incl. Padding)

    ----------------------------------------------------------------------

      Code (inc. data)   RO Data    RW Data    ZI Data      Debug   Library Name

       300         18       2052          0          0      22102   arm_cortexM4lf_math.lib
       412         62          0          0          0        520   m_wm.l
       282         16          0          0          0        404   mc_w.l
       836          0          0          0          0        704   mf_w.l

    ----------------------------------------------------------------------
      1834         96       2052          0          0      23730   Library Totals

    ----------------------------------------------------------------------

==============================================================================


      Code (inc. data)   RO Data    RW Data    ZI Data      Debug   

     13352        872       8776         52      10196     843789   Grand Totals
     13352        872       8776         52      10196     843789   ELF Image Totals
     13352        872       8776         52          0          0   ROM Totals

==============================================================================

    Total RO  Size (Code + RO Data)                22128 (  21.61kB)
    Total RW  Size (RW Data + ZI Data)             10248 (  10.01kB)
    Total ROM Size (Code + RO Data + RW Data)      22180 (  21.66kB)

==============================================================================

